Archive member included because of file (symbol)

stm32f10x_lib/libstm32.a(stm32f10x_flash.o)
                              APP/src/main.o (FLASH_SetLatency)
stm32f10x_lib/libstm32.a(stm32f10x_gpio.o)
                              APP/src/main.o (GPIO_Init)
stm32f10x_lib/libstm32.a(stm32f10x_nvic.o)
                              APP/src/main.o (NVIC_PriorityGroupConfig)
stm32f10x_lib/libstm32.a(stm32f10x_pwr.o)
                              APP/src/main.o (PWR_BackupAccessCmd)
stm32f10x_lib/libstm32.a(stm32f10x_rcc.o)
                              APP/src/main.o (RCC_DeInit)
stm32f10x_lib/libstm32.a(stm32f10x_systick.o)
                              APP/src/main.o (SysTick_SetReload)
stm32f10x_lib/libstm32.a(stm32f10x_tim.o)
                              APP/src/main.o (TIM_TimeBaseInit)
stm32f10x_lib/libstm32.a(stm32f10x_usart.o)
                              APP/src/main.o (USART_StructInit)
stm32f10x_lib/libstm32.a(cortexm3_macro.o)
                              stm32f10x_lib/libstm32.a(stm32f10x_pwr.o) (__WFI)
stm32f10x_lib/libstm32.a(stm32f10x_vector.o)
                              (Reset_Handler)
c:/winarm/bin/../lib/gcc/arm-eabi/4.3.0/../../../../arm-eabi/lib\libc.a(lib_a-atexit.o)
                              c:/winarm/bin/../lib/gcc/arm-eabi/4.3.0/../../../../arm-eabi/lib/crt0.o (atexit)
c:/winarm/bin/../lib/gcc/arm-eabi/4.3.0/../../../../arm-eabi/lib\libc.a(lib_a-atoi.o)
                              APP/src/main.o (atoi)
c:/winarm/bin/../lib/gcc/arm-eabi/4.3.0/../../../../arm-eabi/lib\libc.a(lib_a-errno.o)
                              APP/src/syscalls.o (__errno)
c:/winarm/bin/../lib/gcc/arm-eabi/4.3.0/../../../../arm-eabi/lib\libc.a(lib_a-exit.o)
                              c:/winarm/bin/../lib/gcc/arm-eabi/4.3.0/../../../../arm-eabi/lib/crt0.o (exit)
c:/winarm/bin/../lib/gcc/arm-eabi/4.3.0/../../../../arm-eabi/lib\libc.a(lib_a-impure.o)
                              c:/winarm/bin/../lib/gcc/arm-eabi/4.3.0/../../../../arm-eabi/lib\libc.a(lib_a-errno.o) (_impure_ptr)
c:/winarm/bin/../lib/gcc/arm-eabi/4.3.0/../../../../arm-eabi/lib\libc.a(lib_a-init.o)
                              c:/winarm/bin/../lib/gcc/arm-eabi/4.3.0/../../../../arm-eabi/lib/crt0.o (__libc_fini_array)
c:/winarm/bin/../lib/gcc/arm-eabi/4.3.0/../../../../arm-eabi/lib\libc.a(lib_a-memset.o)
                              c:/winarm/bin/../lib/gcc/arm-eabi/4.3.0/../../../../arm-eabi/lib/crt0.o (memset)
c:/winarm/bin/../lib/gcc/arm-eabi/4.3.0/../../../../arm-eabi/lib\libc.a(lib_a-strcmp.o)
                              APP/src/main.o (strcmp)
c:/winarm/bin/../lib/gcc/arm-eabi/4.3.0/../../../../arm-eabi/lib\libc.a(lib_a-strncpy.o)
                              APP/src/main.o (strncpy)
c:/winarm/bin/../lib/gcc/arm-eabi/4.3.0/../../../../arm-eabi/lib\libc.a(lib_a-strtok.o)
                              APP/src/main.o (strtok)
c:/winarm/bin/../lib/gcc/arm-eabi/4.3.0/../../../../arm-eabi/lib\libc.a(lib_a-strtok_r.o)
                              c:/winarm/bin/../lib/gcc/arm-eabi/4.3.0/../../../../arm-eabi/lib\libc.a(lib_a-strtok.o) (__strtok_r)
c:/winarm/bin/../lib/gcc/arm-eabi/4.3.0/../../../../arm-eabi/lib\libc.a(lib_a-strtol.o)
                              c:/winarm/bin/../lib/gcc/arm-eabi/4.3.0/../../../../arm-eabi/lib\libc.a(lib_a-atoi.o) (_strtol_r)
c:/winarm/bin/../lib/gcc/arm-eabi/4.3.0/../../../../arm-eabi/lib\libc.a(lib_a-__atexit.o)
                              c:/winarm/bin/../lib/gcc/arm-eabi/4.3.0/../../../../arm-eabi/lib\libc.a(lib_a-atexit.o) (__register_exitproc)
c:/winarm/bin/../lib/gcc/arm-eabi/4.3.0/../../../../arm-eabi/lib\libc.a(lib_a-__call_atexit.o)
                              c:/winarm/bin/../lib/gcc/arm-eabi/4.3.0/../../../../arm-eabi/lib\libc.a(lib_a-exit.o) (__call_exitprocs)
c:/winarm/bin/../lib/gcc/arm-eabi/4.3.0/../../../../arm-eabi/lib\libc.a(lib_a-ctype_.o)
                              c:/winarm/bin/../lib/gcc/arm-eabi/4.3.0/../../../../arm-eabi/lib\libc.a(lib_a-strtol.o) (__ctype_ptr)
c:/winarm/bin/../lib/gcc/arm-eabi/4.3.0\libgcc.a(_udivsi3.o)
                              c:/winarm/bin/../lib/gcc/arm-eabi/4.3.0/../../../../arm-eabi/lib\libc.a(lib_a-strtol.o) (__aeabi_uidiv)
c:/winarm/bin/../lib/gcc/arm-eabi/4.3.0\libgcc.a(_dvmd_tls.o)
                              c:/winarm/bin/../lib/gcc/arm-eabi/4.3.0\libgcc.a(_udivsi3.o) (__div0)

Discarded input sections

 .text          0x00000000        0x0 c:/winarm/bin/../lib/gcc/arm-eabi/4.3.0/crti.o
 .data          0x00000000        0x0 c:/winarm/bin/../lib/gcc/arm-eabi/4.3.0/crti.o
 .bss           0x00000000        0x0 c:/winarm/bin/../lib/gcc/arm-eabi/4.3.0/crti.o
 .init          0x00000000        0x0 c:/winarm/bin/../lib/gcc/arm-eabi/4.3.0/crti.o
 .fini          0x00000000        0x0 c:/winarm/bin/../lib/gcc/arm-eabi/4.3.0/crti.o
 .text          0x00000000        0x0 c:/winarm/bin/../lib/gcc/arm-eabi/4.3.0/crtbegin.o
 .data          0x00000000        0x0 c:/winarm/bin/../lib/gcc/arm-eabi/4.3.0/crtbegin.o
[...]
Memory Configuration

Name             Origin             Length             Attributes
RAM              0x20000000         0x00010000         xrw
FLASH            0x08003000         0x0007d000         xr
FLASHB1          0x00000000         0x00000000         xr
EXTMEMB0         0x00000000         0x00000000         xr
EXTMEMB1         0x00000000         0x00000000         xr
EXTMEMB2         0x00000000         0x00000000         xr
EXTMEMB3         0x00000000         0x00000000         xr
*default*        0x00000000         0xffffffff

Linker script and memory map

LOAD c:/winarm/bin/../lib/gcc/arm-eabi/4.3.0/crti.o
LOAD c:/winarm/bin/../lib/gcc/arm-eabi/4.3.0/crtbegin.o
LOAD c:/winarm/bin/../lib/gcc/arm-eabi/4.3.0/../../../../arm-eabi/lib/crt0.o
START GROUP
LOAD APP/src/main.o
LOAD APP/src/stm32f10x_it.o
LOAD APP/src/dxl_hal.o
LOAD APP/src/dynamixel.o
LOAD APP/src/syscalls.o
LOAD stm32f10x_lib/libstm32.a
LOAD c:/winarm/bin/../lib/gcc/arm-eabi/4.3.0/../../../../arm-eabi/lib\libc.a
LOAD c:/winarm/bin/../lib/gcc/arm-eabi/4.3.0/../../../../arm-eabi/lib\libm.a
LOAD c:/winarm/bin/../lib/gcc/arm-eabi/4.3.0\libgcc.a
END GROUP
START GROUP
LOAD c:/winarm/bin/../lib/gcc/arm-eabi/4.3.0\libgcc.a
LOAD c:/winarm/bin/../lib/gcc/arm-eabi/4.3.0/../../../../arm-eabi/lib\libc.a
END GROUP
LOAD c:/winarm/bin/../lib/gcc/arm-eabi/4.3.0/crtend.o
LOAD c:/winarm/bin/../lib/gcc/arm-eabi/4.3.0/crtn.o
                0x00000400                __Stack_Size = 0x400
                0x00000400                PROVIDE (_Stack_Size, __Stack_Size)
                0x2000fc00                __Stack_Init = (_estack - __Stack_Size)
                0x2000fc00                PROVIDE (_Stack_Init, __Stack_Init)
                0x00000100                _Minimum_Stack_Size = 0x100
                0x00000000                PROVIDE (Undefined_Handler, 0x0)
                0x00000000                PROVIDE (SWI_Handler, 0x0)
                0x00000000                PROVIDE (IRQ_Handler, 0x0)
                0x00000000                PROVIDE (Prefetch_Handler, 0x0)
                0x00000000                PROVIDE (Abort_Handler, 0x0)
                0x00000000                PROVIDE (FIQ_Handler, 0x0)
                0x00000000                PROVIDE (NMIException, 0x0)
                0x00000000                PROVIDE (HardFaultException, 0x0)
                0x00000000                PROVIDE (MemManageException, 0x0)
                0x00000000                PROVIDE (BusFaultException, 0x0)
                0x00000000                PROVIDE (UsageFaultException, 0x0)
                0x00000000                PROVIDE (SVCHandler, 0x0)
                0x00000000                PROVIDE (DebugMonitor, 0x0)
                0x00000000                PROVIDE (PendSVC, 0x0)
                0x00000000                PROVIDE (SysTickHandler, 0x0)
                0x00000000                PROVIDE (WWDG_IRQHandler, 0x0)
                0x00000000                PROVIDE (PVD_IRQHandler, 0x0)
                0x00000000                PROVIDE (TAMPER_IRQHandler, 0x0)
                0x00000000                PROVIDE (RTC_IRQHandler, 0x0)
                0x00000000                PROVIDE (FLASH_IRQHandler, 0x0)
                0x00000000                PROVIDE (RCC_IRQHandler, 0x0)
                0x00000000                PROVIDE (EXTI0_IRQHandler, 0x0)
                0x00000000                PROVIDE (EXTI1_IRQHandler, 0x0)
                0x00000000                PROVIDE (EXTI2_IRQHandler, 0x0)
                0x00000000                PROVIDE (EXTI3_IRQHandler, 0x0)
                0x00000000                PROVIDE (EXTI4_IRQHandler, 0x0)
                0x00000000                PROVIDE (DMAChannel1_IRQHandler, 0x0)
                0x00000000                PROVIDE (DMAChannel2_IRQHandler, 0x0)
                0x00000000                PROVIDE (DMAChannel3_IRQHandler, 0x0)
                0x00000000                PROVIDE (DMAChannel4_IRQHandler, 0x0)
                0x00000000                PROVIDE (DMAChannel5_IRQHandler, 0x0)
                0x00000000                PROVIDE (DMAChannel6_IRQHandler, 0x0)
                0x00000000                PROVIDE (DMAChannel7_IRQHandler, 0x0)
                0x00000000                PROVIDE (ADC_IRQHandler, 0x0)
                0x00000000                PROVIDE (USB_HP_CAN_TX_IRQHandler, 0x0)
                0x00000000                PROVIDE (USB_LP_CAN_RX0_IRQHandler, 0x0)
                0x00000000                PROVIDE (CAN_RX1_IRQHandler, 0x0)
                0x00000000                PROVIDE (CAN_SCE_IRQHandler, 0x0)
                0x00000000                PROVIDE (EXTI9_5_IRQHandler, 0x0)
                0x00000000                PROVIDE (TIM1_BRK_IRQHandler, 0x0)
                0x00000000                PROVIDE (TIM1_UP_IRQHandler, 0x0)
                0x00000000                PROVIDE (TIM1_TRG_COM_IRQHandler, 0x0)
                0x00000000                PROVIDE (TIM1_CC_IRQHandler, 0x0)
                0x00000000                PROVIDE (TIM2_IRQHandler, 0x0)
                0x00000000                PROVIDE (TIM3_IRQHandler, 0x0)
                0x00000000                PROVIDE (TIM4_IRQHandler, 0x0)
                0x00000000                PROVIDE (I2C1_EV_IRQHandler, 0x0)
                0x00000000                PROVIDE (I2C1_ER_IRQHandler, 0x0)
                0x00000000                PROVIDE (I2C2_EV_IRQHandler, 0x0)
                0x00000000                PROVIDE (I2C2_ER_IRQHandler, 0x0)
                0x00000000                PROVIDE (SPI1_IRQHandler, 0x0)
                0x00000000                PROVIDE (SPI2_IRQHandler, 0x0)
                0x00000000                PROVIDE (USART1_IRQHandler, 0x0)
                0x00000000                PROVIDE (USART2_IRQHandler, 0x0)
                0x00000000                PROVIDE (USART3_IRQHandler, 0x0)
                0x00000000                PROVIDE (EXTI15_10_IRQHandler, 0x0)
                0x00000000                PROVIDE (RTCAlarm_IRQHandler, 0x0)
                0x00000000                PROVIDE (USBWakeUp_IRQHandler, 0x0)
                0x42000000                PERIPH_BB_BASE = 0x42000000
                0x22000000                SRAM_BB_BASE = 0x22000000
                0x20000000                SRAM_BASE = 0x20000000
                0x40000000                PERIPH_BASE = 0x40000000
                0x40022000                PROVIDE (FLASH_BASE, 0x40022000)
                0x1ffff800                PROVIDE (OB_BASE, 0x1ffff800)
                0x40000000                APB1PERIPH_BASE = PERIPH_BASE
                0x40010000                APB2PERIPH_BASE = (PERIPH_BASE + 0x10000)
                0x40020000                AHBPERIPH_BASE = (PERIPH_BASE + 0x20000)
                0x40000000                PROVIDE (TIM2, (APB1PERIPH_BASE + 0x0))
                0x40000400                PROVIDE (TIM3, (APB1PERIPH_BASE + 0x400))
                0x40000800                PROVIDE (TIM4, (APB1PERIPH_BASE + 0x800))
                0x40002800                PROVIDE (RTC, (APB1PERIPH_BASE + 0x2800))
                0x40002c00                PROVIDE (WWDG, (APB1PERIPH_BASE + 0x2c00))
                0x40003000                PROVIDE (IWDG, (APB1PERIPH_BASE + 0x3000))
                0x40003800                PROVIDE (SPI2, (APB1PERIPH_BASE + 0x3800))
                0x40004400                PROVIDE (USART2, (APB1PERIPH_BASE + 0x4400))
                0x40004800                PROVIDE (USART3, (APB1PERIPH_BASE + 0x4800))
                0x40005400                PROVIDE (I2C1, (APB1PERIPH_BASE + 0x5400))
                0x40005800                PROVIDE (I2C2, (APB1PERIPH_BASE + 0x5800))
                0x40006400                PROVIDE (CAN, (APB1PERIPH_BASE + 0x6400))
                0x40006c00                PROVIDE (BKP, (APB1PERIPH_BASE + 0x6c00))
                0x40007000                PROVIDE (PWR, (APB1PERIPH_BASE + 0x7000))
                0x40010000                PROVIDE (AFIO, (APB2PERIPH_BASE + 0x0))
                0x40010400                PROVIDE (EXTI, (APB2PERIPH_BASE + 0x400))
                0x40010800                PROVIDE (GPIOA, (APB2PERIPH_BASE + 0x800))
                0x40010c00                PROVIDE (GPIOB, (APB2PERIPH_BASE + 0xc00))
                0x40011000                PROVIDE (GPIOC, (APB2PERIPH_BASE + 0x1000))
                0x40011400                PROVIDE (GPIOD, (APB2PERIPH_BASE + 0x1400))
                0x40011800                PROVIDE (GPIOE, (APB2PERIPH_BASE + 0x1800))
                0x40012400                PROVIDE (ADC1, (APB2PERIPH_BASE + 0x2400))
                0x40012800                PROVIDE (ADC2, (APB2PERIPH_BASE + 0x2800))
                0x40012c00                PROVIDE (TIM1, (APB2PERIPH_BASE + 0x2c00))
                0x40013000                PROVIDE (SPI1, (APB2PERIPH_BASE + 0x3000))
                0x40013800                PROVIDE (USART1, (APB2PERIPH_BASE + 0x3800))
                0x40020000                PROVIDE (DMA, (AHBPERIPH_BASE + 0x0))
                0x40020008                PROVIDE (DMA_Channel1, (AHBPERIPH_BASE + 0x8))
                0x4002001c                PROVIDE (DMA_Channel2, (AHBPERIPH_BASE + 0x1c))
                0x40020030                PROVIDE (DMA_Channel3, (AHBPERIPH_BASE + 0x30))
                0x40020044                PROVIDE (DMA_Channel4, (AHBPERIPH_BASE + 0x44))
                0x40020058                PROVIDE (DMA_Channel5, (AHBPERIPH_BASE + 0x58))
                0x4002006c                PROVIDE (DMA_Channel6, (AHBPERIPH_BASE + 0x6c))
                0x40020080                PROVIDE (DMA_Channel7, (AHBPERIPH_BASE + 0x80))
                0x40021000                PROVIDE (RCC, (AHBPERIPH_BASE + 0x1000))
                0xe000e000                SCS_BASE = 0xe000e000
                0xe000e010                PROVIDE (SysTick, (SCS_BASE + 0x10))
                0xe000e100                PROVIDE (NVIC, (SCS_BASE + 0x100))
                0xe000ed00                PROVIDE (SCB, (SCS_BASE + 0xd00))
                0x20010000                _estack = 0x20010000

.isr_vector     0x08003000      0x134
                0x08003000                . = ALIGN (0x4)
 *(.isr_vector)
 .isr_vector    0x08003000      0x134 stm32f10x_lib/libstm32.a(stm32f10x_vector.o)
                0x08003000                g_pfnVectors
                0x08003134                . = ALIGN (0x4)

.flashtext      0x08003134        0x0
                0x08003134                . = ALIGN (0x4)
 *(.flashtext)
                0x08003134                . = ALIGN (0x4)

.text           0x08003134     0x43b0
                0x08003134                . = ALIGN (0x4)
 *(.text)
 .text          0x08003134      0xfa8 APP/src/main.o
                0x08003158                InitJointTable
                0x080032ac                RxD0Interrupt
                0x08003254                CheckTimeOut
                0x080038fc                USART_Configuration
                0x08003f10                HandleBegin
                0x080033fc                TxDByte16
                0x080037b4                ReadLineFromPC
                0x08003798                CheckRxD_PC
                0x08003204                RxDByte_DXL
                0x080032e4                RxDByte_PC
                0x08003c08                MoveAllJoints
                0x08003720                PrintTargetState
                0x08003424                TxDWord16
                0x080034a8                PrintErrorMsg
                0x08003268                mDelay
                0x080032f8                TimerInterrupt_1ms
                0x080031a0                AreAllJointsReached
                0x08003df4                HandlePoint
                0x0800356c                PrintBanner
                0x08003b68                WaitAllJointsReachTarget
                0x08003b24                ReadAllJoints
                0x080038a4                TxDByte_DXL
                0x0800318c                ClampWord
                0x08003248                StartDiscount
                0x080034d4                HandleStop
                0x080035b0                TxDDecU16
                0x08003454                PrintCommStatus
                0x08003c38                HandleHome
                0x080033dc                TxDByte_PC
                0x08003a14                NVIC_Configuration
                0x080036bc                PrintActualState
                0x08003810                PrintErrorCode
                0x08004088                main
                0x08003668                TxDDecS32
                0x08003234                __ISR_DELAY
                0x08003bcc                WriteGoalPosition
                0x08003438                TxDString
                0x08003a68                RCC_Configuration
                0x08003f74                SplitCSV
                0x0800334c                Timer_Configuration
                0x08003560                HandleHelp
                0x08003fb0                ProcessCommandLine
                0x08003cbc                EnableTorque
                0x080034c0                PrintEndTag
                0x080038e8                DisableUSART1
                0x08003294                SysTick_Configuration
                0x0800398c                GPIO_Configuration
                0x08003134                InitTrajectoryState
                0x08003cf8                InitApplication
                0x080031d8                ClearBuffer256
                0x0800397c                USART1_Configuration
                0x08003aec                ReadPresentPosition
                0x080034f4                HandlePing
                0x08003d68                HandleEnd
                0x08003508                PrintHelp
                0x08003684                PrintAck1
                0x080031ec                CheckNewArrive
                0x08003614                PrintFinalReached
 .text          0x080040dc      0x12c APP/src/stm32f10x_it.o
                0x0800411c                EXTI2_IRQHandler
                0x080040e4                MemManageException
                0x080041a8                TIM8_TRG_COM_IRQHandler
                0x080041ac                TIM8_CC_IRQHandler
                0x080040e8                BusFaultException
                0x08004168                TIM1_CC_IRQHandler
                0x080041cc                TIM6_IRQHandler
                0x08004100                PVD_IRQHandler
                0x080041b8                SDIO_IRQHandler
                0x08004120                EXTI3_IRQHandler
                0x080040f0                DebugMonitor
                0x080040f4                SVCHandler
                0x080040e0                HardFaultException
                0x08004148                USB_HP_CAN_TX_IRQHandler
                0x08004114                EXTI0_IRQHandler
                0x0800417c                I2C2_EV_IRQHandler
                0x08004144                ADC1_2_IRQHandler
                0x08004184                SPI1_IRQHandler
                0x08004154                CAN_SCE_IRQHandler
                0x08004104                TAMPER_IRQHandler
                0x080041a4                TIM8_UP_IRQHandler
                0x080041d8                DMA2_Channel2_IRQHandler
                0x08004134                DMA1_Channel4_IRQHandler
                0x080040dc                NMIException
                0x08004190                USART3_IRQHandler
                0x08004108                RTC_IRQHandler
                0x080041fc                SysTickHandler
                0x08004140                DMA1_Channel7_IRQHandler
                0x080040f8                PendSVC
                0x080041c8                UART5_IRQHandler
                0x080041b0                ADC3_IRQHandler
                0x08004170                TIM4_IRQHandler
                0x08004150                CAN_RX1_IRQHandler
                0x080041d4                DMA2_Channel1_IRQHandler
                0x08004174                I2C1_EV_IRQHandler
                0x0800413c                DMA1_Channel6_IRQHandler
                0x080041c4                UART4_IRQHandler
                0x0800416c                TIM3_IRQHandler
                0x08004110                RCC_IRQHandler
                0x08004164                TIM1_TRG_COM_IRQHandler
                0x08004128                DMA1_Channel1_IRQHandler
                0x08004194                EXTI15_10_IRQHandler
                0x080041d0                TIM7_IRQHandler
                0x080041bc                TIM5_IRQHandler
                0x08004158                EXTI9_5_IRQHandler
                0x08004188                SPI2_IRQHandler
                0x0800414c                USB_LP_CAN_RX0_IRQHandler
                0x08004138                DMA1_Channel5_IRQHandler
                0x08004124                EXTI4_IRQHandler
                0x08004130                DMA1_Channel3_IRQHandler
                0x080041b4                FSMC_IRQHandler
                0x08004160                TIM1_UP_IRQHandler
                0x080040fc                WWDG_IRQHandler
                0x080041f0                TIM2_IRQHandler
                0x0800415c                TIM1_BRK_IRQHandler
                0x08004118                EXTI1_IRQHandler
                0x08004198                RTCAlarm_IRQHandler
                0x080041e0                DMA2_Channel4_5_IRQHandler
                0x0800418c                USART2_IRQHandler
                0x08004180                I2C2_ER_IRQHandler
                0x0800412c                DMA1_Channel2_IRQHandler
                0x080041a0                TIM8_BRK_IRQHandler
                0x080040ec                UsageFaultException
                0x0800410c                FLASH_IRQHandler
                0x080041e4                USART1_IRQHandler
                0x080041c0                SPI3_IRQHandler
                0x08004178                I2C1_ER_IRQHandler
                0x0800419c                USBWakeUp_IRQHandler
                0x080041dc                DMA2_Channel3_IRQHandler
 .text          0x08004208       0x8c APP/src/dxl_hal.o
                0x08004278                dxl_hal_close
                0x08004228                dxl_hal_rx
                0x08004250                dxl_hal_tx
                0x0800426c                dxl_hal_clear
                0x08004284                dxl_hal_open
                0x08004214                dxl_hal_set_timeout
                0x08004208                dxl_hal_timeout
 .text          0x08004294      0x40c APP/src/dynamixel.o
                0x08004638                dxl_ping
                0x080042d0                dxl_get_rxpacket_error
                0x080045d0                dxl_write_byte
                0x08004310                dxl_rx_packet
                0x080042c4                dxl_set_txpacket_length
                0x08004294                dxl_get_result
                0x08004600                dxl_read_byte
                0x08004478                dxl_tx_packet
                0x08004660                dxl_terminate
                0x080042ac                dxl_set_txpacket_instruction
                0x080042e4                dxl_get_rxpacket_length
                0x0800455c                dxl_write_word
                0x08004308                dxl_get_highbyte
                0x0800466c                dxl_initialize
                0x080042fc                dxl_makeword
                0x08004304                dxl_get_lowbyte
                0x080042f0                dxl_get_rxpacket_parameter
                0x080042a0                dxl_set_txpacket_id
                0x08004594                dxl_read_word
                0x0800453c                dxl_txrx_packet
                0x080042b8                dxl_set_txpacket_parameter
 .text          0x080046a0      0x528 stm32f10x_lib/libstm32.a(stm32f10x_flash.o)
                0x080046e8                FLASH_Unlock
                0x0800471c                FLASH_GetWriteProtectionOptionByte
                0x080048ac                FLASH_ReadOutProtection
                0x08004a84                FLASH_ProgramWord
                0x08004a4c                FLASH_ProgramHalfWord
                0x08004b80                FLASH_ErasePage
                0x080046b8                FLASH_HalfCycleAccessCmd
                0x08004764                FLASH_GetFlagStatus
                0x08004738                FLASH_GetPrefetchBufferStatus
                0x08004b44                FLASH_EraseAllPages
                0x08004710                FLASH_GetUserOptionByte
                0x08004850                FLASH_UserOptionByteConfig
                0x08004748                FLASH_ITConfig
                0x08004700                FLASH_Lock
                0x08004acc                FLASH_EraseOptionBytes
                0x080046d0                FLASH_PrefetchBufferCmd
                0x08004790                FLASH_GetStatus
                0x08004784                FLASH_ClearFlag
                0x080047bc                FLASH_WaitForLastOperation
                0x08004a08                FLASH_ProgramOptionByteData
                0x080046a0                FLASH_SetLatency
                0x08004728                FLASH_GetReadOutProtectionStatus
                0x08004948                FLASH_EnableWriteProtection
 .text          0x08004bc8      0x288 stm32f10x_lib/libstm32.a(stm32f10x_gpio.o)
                0x08004cd0                GPIO_EventOutputConfig
                0x08004c94                GPIO_ReadOutputDataBit
                0x08004cf0                GPIO_EventOutputCmd
                0x08004cfc                GPIO_PinRemapConfig
                0x08004bc8                GPIO_Init
                0x08004d90                GPIO_AFIODeInit
                0x08004cbc                GPIO_Write
                0x08004ca0                GPIO_ReadOutputData
                0x08004c8c                GPIO_ReadInputData
                0x08004ca8                GPIO_SetBits
                0x08004cb0                GPIO_WriteBit
                0x08004cac                GPIO_ResetBits
                0x08004d5c                GPIO_EXTILineConfig
                0x08004da8                GPIO_DeInit
                0x08004c70                GPIO_StructInit
                0x08004cc0                GPIO_PinLockConfig
                0x08004c80                GPIO_ReadInputDataBit
 .text          0x08004e50      0x384 stm32f10x_lib/libstm32.a(stm32f10x_nvic.o)
                0x080051b0                NVIC_SETFAULTMASK
                0x08005188                NVIC_GetBASEPRI
                0x08004ec8                NVIC_Init
                0x08004ff0                NVIC_SetVectorTable
                0x08004f8c                NVIC_SetIRQChannelPendingBit
                0x080051c8                NVIC_SETPRIMASK
                0x080050e0                NVIC_SetSystemHandlerPendingBit
                0x08004f98                NVIC_ClearIRQChannelPendingBit
                0x08004f50                NVIC_GetCurrentPendingIRQChannel
                0x08005174                NVIC_GetFaultAddress
                0x08005004                NVIC_GenerateSystemReset
                0x08004fc0                NVIC_GetIRQChannelActiveBitStatus
                0x08004e84                NVIC_SCBDeInit
                0x08005040                NVIC_SystemHandlerConfig
                0x08004fb0                NVIC_GetCurrentActiveHandler
                0x080051a4                NVIC_RESETFAULTMASK
                0x08005110                NVIC_GetSystemHandlerActiveBitStatus
                0x080051bc                NVIC_RESETPRIMASK
                0x080050f8                NVIC_ClearSystemHandlerPendingBit
                0x08005024                NVIC_SystemLPConfig
                0x08005068                NVIC_SystemHandlerPriorityConfig
                0x08004f68                NVIC_GetIRQChannelPendingBitStatus
                0x08005014                NVIC_GenerateCoreReset
                0x08004fe4                NVIC_GetCPUID
                0x08005194                NVIC_BASEPRICONFIG
                0x08004eb4                NVIC_PriorityGroupConfig
                0x08004f44                NVIC_StructInit
                0x080050c0                NVIC_GetSystemHandlerPendingBitStatus
                0x08004e50                NVIC_DeInit
                0x08005130                NVIC_GetFaultHandlerSources
 .text          0x080051d4       0xe0 stm32f10x_lib/libstm32.a(stm32f10x_pwr.o)
                0x08005230                PWR_EnterSTANDBYMode
                0x08005200                PWR_WakeUpPinCmd
                0x080051d4                PWR_BackupAccessCmd
                0x08005264                PWR_EnterSTOPMode
                0x0800529c                PWR_DeInit
                0x0800520c                PWR_GetFlagStatus
                0x080051ec                PWR_PVDLevelConfig
                0x08005220                PWR_ClearFlag
                0x080051e0                PWR_PVDCmd
 .text          0x080052b4      0x3a4 stm32f10x_lib/libstm32.a(stm32f10x_rcc.o)
                0x0800536c                RCC_HSICmd
                0x0800538c                RCC_PLLCmd
                0x0800564c                RCC_ClearITPendingBit
                0x080055d8                RCC_MCOConfig
                0x080053f8                RCC_ITConfig
                0x08005398                RCC_SYSCLKConfig
                0x08005328                RCC_WaitForHSEStartUp
                0x080055c0                RCC_BackupResetCmd
                0x080055cc                RCC_ClockSecuritySystemCmd
                0x08005628                RCC_ClearFlag
                0x080052f4                RCC_HSEConfig
                0x08005550                RCC_APB2PeriphClockCmd
                0x08005378                RCC_PLLConfig
                0x08005420                RCC_ADCCLKConfig
                0x08005434                RCC_LSEConfig
                0x08005470                RCC_RTCCLKCmd
                0x0800556c                RCC_APB1PeriphClockCmd
                0x08005638                RCC_GetITStatus
                0x08005534                RCC_AHBPeriphClockCmd
                0x080055e4                RCC_GetFlagStatus
                0x080053ac                RCC_GetSYSCLKSource
                0x0800547c                RCC_GetClocksFreq
                0x08005460                RCC_RTCCLKConfig
                0x08005358                RCC_AdjustHSICalibrationValue
                0x080053d0                RCC_PCLK1Config
                0x08005414                RCC_USBCLKConfig
                0x080053e4                RCC_PCLK2Config
                0x080052b4                RCC_DeInit
                0x080055a4                RCC_APB1PeriphResetCmd
                0x08005454                RCC_LSICmd
                0x08005588                RCC_APB2PeriphResetCmd
                0x080053bc                RCC_HCLKConfig
 .text          0x08005658       0xa4 stm32f10x_lib/libstm32.a(stm32f10x_systick.o)
                0x08005680                SysTick_CounterCmd
                0x080056d4                SysTick_GetFlagStatus
                0x08005658                SysTick_CLKSourceConfig
                0x080056c8                SysTick_GetCounter
                0x080056ac                SysTick_ITConfig
                0x08005674                SysTick_SetReload
 .text          0x080056fc      0xd88 stm32f10x_lib/libstm32.a(stm32f10x_tim.o)
                0x08005cec                TIM_TimeBaseStructInit
                0x08005f60                TIM_ForcedOC2Config
                0x080062c4                TIM_SetCompare2
                0x08005fb4                TIM_SelectCOM
                0x0800615c                TIM_CCxCmd
                0x08006320                TIM_SetIC4Prescaler
                0x08005fec                TIM_CCPreloadControl
                0x08006008                TIM_OC1PreloadConfig
                0x08005ea4                TIM_ETRClockMode2Config
                0x080060e8                TIM_OC1NPolarityConfig
                0x08005f50                TIM_ForcedOC1Config
                0x08005da4                TIM_DMACmd
                0x08005e7c                TIM_ETRClockMode1Config
                0x08006308                TIM_SetIC3Prescaler
                0x080060b8                TIM_ClearOC3Ref
                0x08005d64                TIM_CtrlPWMOutputs
                0x08005d48                TIM_Cmd
                0x0800603c                TIM_OC4PreloadConfig
                0x08006388                TIM_ClearFlag
                0x080063ac                TIM_ClearITPendingBit
                0x0800636c                TIM_GetCounter
                0x0800635c                TIM_GetCapture3
                0x0800634c                TIM_GetCapture1
                0x080058b8                TIM_OC3Init
                0x080063b8                TIM_DeInit
                0x0800637c                TIM_GetFlagStatus
                0x08006074                TIM_OC3FastConfig
                0x08005fd0                TIM_SelectCCDMA
                0x0800633c                TIM_SetClockDivision
                0x08005750                TIM_OC1Init
                0x0800602c                TIM_OC3PreloadConfig
                0x080062bc                TIM_SetAutoreload
                0x08005f98                TIM_ARRPreloadConfig
                0x08006394                TIM_GetITStatus
                0x0800619c                TIM_SelectOCxM
                0x08006050                TIM_OC1FastConfig
                0x08006018                TIM_OC2PreloadConfig
                0x08005ef8                TIM_SelectInputTrigger
                0x08005d80                TIM_ITConfig
                0x08005800                TIM_OC2Init
                0x08005ee0                TIM_PrescalerConfig
                0x08006148                TIM_OC4PolarityConfig
                0x08006270                TIM_SelectOutputTrigger
                0x080062c8                TIM_SetCompare3
                0x0800596c                TIM_OC4Init
                0x0800623c                TIM_SelectHallSensor
                0x080062d4                TIM_SetIC1Prescaler
                0x08005f84                TIM_ForcedOC4Config
                0x08005dcc                TIM_ITRxExternalClockConfig
                0x08006120                TIM_OC3PolarityConfig
                0x08005dbc                TIM_InternalClockConfig
                0x080060d8                TIM_OC1PolarityConfig
                0x08006060                TIM_OC2FastConfig
                0x080062b8                TIM_SetCounter
                0x080062cc                TIM_SetCompare4
                0x08006354                TIM_GetCapture2
                0x08006374                TIM_GetPrescaler
                0x080060a8                TIM_ClearOC2Ref
                0x08005a00                TIM_ICInit
                0x08005d1c                TIM_ICStructInit
                0x08005b6c                TIM_PWMIConfig
                0x0800610c                TIM_OC2NPolarityConfig
                0x08006098                TIM_ClearOC1Ref
                0x08006220                TIM_UpdateRequestConfig
                0x08005f74                TIM_ForcedOC3Config
                0x08005de8                TIM_TIxExternalClockConfig
                0x08005d34                TIM_BDTRStructInit
                0x08005d04                TIM_OCStructInit
                0x08006134                TIM_OC3NPolarityConfig
                0x0800617c                TIM_CCxNCmd
                0x080062a0                TIM_SelectMasterSlaveMode
                0x08006364                TIM_GetCapture4
                0x080056fc                TIM_TimeBaseInit
                0x08005d9c                TIM_DMAConfig
                0x08005d98                TIM_GenerateEvent
                0x08005cc8                TIM_BDTRConfig
                0x080062ec                TIM_SetIC2Prescaler
                0x08005ec8                TIM_ETRConfig
                0x08006288                TIM_SelectSlaveMode
                0x080060c8                TIM_ClearOC4Ref
                0x08006258                TIM_SelectOnePulseMode
                0x08005f08                TIM_EncoderInterfaceConfig
                0x080062c0                TIM_SetCompare1
                0x080060f8                TIM_OC2PolarityConfig
                0x08006204                TIM_UpdateDisableConfig
                0x08006084                TIM_OC4FastConfig
                0x08005ee8                TIM_CounterModeConfig
 .text          0x08006484      0x3bc stm32f10x_lib/libstm32.a(stm32f10x_usart.o)
                0x080065ec                USART_SetGuardTime
                0x08006614                USART_SmartCardCmd
                0x0800669c                USART_GetFlagStatus
                0x08006550                USART_SetAddress
                0x08006600                USART_SetPrescaler
                0x080065d8                USART_ReceiveData
                0x080064dc                USART_Cmd
                0x08006680                USART_IrDACmd
                0x08006700                USART_ClearITPendingBit
                0x080066b4                USART_GetITStatus
                0x0800659c                USART_LINBreakDetectLengthConfig
                0x08006710                USART_Init
                0x0800664c                USART_HalfDuplexCmd
                0x080064f8                USART_ITConfig
                0x08006668                USART_IrDAConfig
                0x080067ac                USART_DeInit
                0x080064a4                USART_ClockInit
                0x080065e0                USART_SendBreak
                0x080066a8                USART_ClearFlag
                0x08006568                USART_WakeUpConfig
                0x080065d0                USART_SendData
                0x08006580                USART_ReceiverWakeUpCmd
                0x08006484                USART_StructInit
                0x08006630                USART_SmartCardNACKCmd
                0x080065b4                USART_LINCmd
                0x080064cc                USART_ClockStructInit
                0x08006538                USART_DMACmd
 .text          0x08006840       0x6e stm32f10x_lib/libstm32.a(cortexm3_macro.o)
                0x08006862                __MRS_CONTROL
                0x080068a0                __GetBASEPRI
                0x08006878                __MSR_PSP
                0x0800688e                __RESETPRIMASK
                0x08006892                __SETFAULTMASK
                0x08006848                __SEV
                0x08006844                __WFE
                0x08006896                __RESETFAULTMASK
                0x0800687e                __MRS_MSP
                0x08006884                __MSR_MSP
                0x08006872                __MRS_PSP
                0x080068a6                __REV_HalfWord
                0x08006840                __WFI
                0x08006868                __MSR_CONTROL
                0x0800689a                __BASEPRICONFIG
                0x0800688a                __SETPRIMASK
                0x080068aa                __REV_Word
                0x0800685e                __SVC
                0x0800684c                __ISB
                0x08006852                __DSB
                0x08006858                __DMB
 *fill*         0x080068ae        0x2 00
 .text          0x080068b0       0x54 stm32f10x_lib/libstm32.a(stm32f10x_vector.o)
                0x080068b0                Reset_Handler
 .text          0x08006904       0x40 c:/winarm/bin/../lib/gcc/arm-eabi/4.3.0/../../../../arm-eabi/lib\libc.a(lib_a-atoi.o)
                0x08006904                _atoi_r
                0x08006924                atoi
 .text          0x08006944       0xe8 c:/winarm/bin/../lib/gcc/arm-eabi/4.3.0/../../../../arm-eabi/lib\libc.a(lib_a-strcmp.o)
                0x08006944                strcmp
 .text          0x08006a2c      0x10c c:/winarm/bin/../lib/gcc/arm-eabi/4.3.0/../../../../arm-eabi/lib\libc.a(lib_a-strncpy.o)
                0x08006a2c                strncpy
 .text          0x08006b38       0x2c c:/winarm/bin/../lib/gcc/arm-eabi/4.3.0/../../../../arm-eabi/lib\libc.a(lib_a-strtok.o)
                0x08006b38                strtok
 .text          0x08006b64       0xd0 c:/winarm/bin/../lib/gcc/arm-eabi/4.3.0/../../../../arm-eabi/lib\libc.a(lib_a-strtok_r.o)
                0x08006c2c                strtok_r
                0x08006b64                __strtok_r
 .text          0x08006c34      0x1e4 c:/winarm/bin/../lib/gcc/arm-eabi/4.3.0/../../../../arm-eabi/lib\libc.a(lib_a-strtol.o)
                0x08006dec                strtol
                0x08006c34                _strtol_r
 .text          0x08006e18      0x114 c:/winarm/bin/../lib/gcc/arm-eabi/4.3.0\libgcc.a(_udivsi3.o)
                0x08006e18                __udivsi3
                0x08006e18                __aeabi_uidiv
                0x08006f14                __aeabi_uidivmod
 .text          0x08006f2c        0x4 c:/winarm/bin/../lib/gcc/arm-eabi/4.3.0\libgcc.a(_dvmd_tls.o)
                0x08006f2c                __aeabi_ldiv0
                0x08006f2c                __div0
                0x08006f2c                __aeabi_idiv0
 *(.text.*)
 *(.rodata)
 .rodata        0x08006f30       0x14 stm32f10x_lib/libstm32.a(stm32f10x_rcc.o)
 .rodata        0x08006f44      0x101 c:/winarm/bin/../lib/gcc/arm-eabi/4.3.0/../../../../arm-eabi/lib\libc.a(lib_a-ctype_.o)
                0x08006f44                _ctype_
 *(.rodata*)
 .rodata.str1.1
                0x08007045      0x499 APP/src/main.o
                                0x4eb (size before relaxing)
 *fill*         0x080074de        0x2 00
 .rodata.str1.4
                0x080074e0        0x4 c:/winarm/bin/../lib/gcc/arm-eabi/4.3.0/../../../../arm-eabi/lib\libc.a(lib_a-impure.o)
 *(.glue_7)
 .glue_7        0x080074e4        0x0 c:/winarm/bin/../lib/gcc/arm-eabi/4.3.0/crti.o
 .glue_7        0x080074e4        0x0 c:/winarm/bin/../lib/gcc/arm-eabi/4.3.0/crtbegin.o
 .glue_7        0x080074e4        0x0 c:/winarm/bin/../lib/gcc/arm-eabi/4.3.0/../../../../arm-eabi/lib/crt0.o
 .glue_7        0x080074e4        0x0 APP/src/main.o
 .glue_7        0x080074e4        0x0 APP/src/stm32f10x_it.o
 .glue_7        0x080074e4        0x0 APP/src/dxl_hal.o
 .glue_7        0x080074e4        0x0 APP/src/dynamixel.o
 .glue_7        0x080074e4        0x0 APP/src/syscalls.o
 .glue_7        0x080074e4        0x0 stm32f10x_lib/libstm32.a(stm32f10x_flash.o)
 .glue_7        0x080074e4        0x0 stm32f10x_lib/libstm32.a(stm32f10x_gpio.o)
 .glue_7        0x080074e4        0x0 stm32f10x_lib/libstm32.a(stm32f10x_nvic.o)
 .glue_7        0x080074e4        0x0 stm32f10x_lib/libstm32.a(stm32f10x_pwr.o)
 .glue_7        0x080074e4        0x0 stm32f10x_lib/libstm32.a(stm32f10x_rcc.o)
 .glue_7        0x080074e4        0x0 stm32f10x_lib/libstm32.a(stm32f10x_systick.o)
 .glue_7        0x080074e4        0x0 stm32f10x_lib/libstm32.a(stm32f10x_tim.o)
 .glue_7        0x080074e4        0x0 stm32f10x_lib/libstm32.a(stm32f10x_usart.o)
 .glue_7        0x080074e4        0x0 stm32f10x_lib/libstm32.a(cortexm3_macro.o)
 .glue_7        0x080074e4        0x0 stm32f10x_lib/libstm32.a(stm32f10x_vector.o)
 .glue_7        0x080074e4        0x0 c:/winarm/bin/../lib/gcc/arm-eabi/4.3.0/../../../../arm-eabi/lib\libc.a(lib_a-atexit.o)
 .glue_7        0x080074e4        0x0 c:/winarm/bin/../lib/gcc/arm-eabi/4.3.0/../../../../arm-eabi/lib\libc.a(lib_a-atoi.o)
 .glue_7        0x080074e4        0x0 c:/winarm/bin/../lib/gcc/arm-eabi/4.3.0/../../../../arm-eabi/lib\libc.a(lib_a-errno.o)
 .glue_7        0x080074e4        0x0 c:/winarm/bin/../lib/gcc/arm-eabi/4.3.0/../../../../arm-eabi/lib\libc.a(lib_a-exit.o)
 .glue_7        0x080074e4        0x0 c:/winarm/bin/../lib/gcc/arm-eabi/4.3.0/../../../../arm-eabi/lib\libc.a(lib_a-impure.o)
 .glue_7        0x080074e4        0x0 c:/winarm/bin/../lib/gcc/arm-eabi/4.3.0/../../../../arm-eabi/lib\libc.a(lib_a-init.o)
 .glue_7        0x080074e4        0x0 c:/winarm/bin/../lib/gcc/arm-eabi/4.3.0/../../../../arm-eabi/lib\libc.a(lib_a-memset.o)
 .glue_7        0x080074e4        0x0 c:/winarm/bin/../lib/gcc/arm-eabi/4.3.0/../../../../arm-eabi/lib\libc.a(lib_a-strcmp.o)
 .glue_7        0x080074e4        0x0 c:/winarm/bin/../lib/gcc/arm-eabi/4.3.0/../../../../arm-eabi/lib\libc.a(lib_a-strncpy.o)
 .glue_7        0x080074e4        0x0 c:/winarm/bin/../lib/gcc/arm-eabi/4.3.0/../../../../arm-eabi/lib\libc.a(lib_a-strtok.o)
 .glue_7        0x080074e4        0x0 c:/winarm/bin/../lib/gcc/arm-eabi/4.3.0/../../../../arm-eabi/lib\libc.a(lib_a-strtok_r.o)
 .glue_7        0x080074e4        0x0 c:/winarm/bin/../lib/gcc/arm-eabi/4.3.0/../../../../arm-eabi/lib\libc.a(lib_a-strtol.o)
 .glue_7        0x080074e4        0x0 c:/winarm/bin/../lib/gcc/arm-eabi/4.3.0/../../../../arm-eabi/lib\libc.a(lib_a-__atexit.o)
 .glue_7        0x080074e4        0x0 c:/winarm/bin/../lib/gcc/arm-eabi/4.3.0/../../../../arm-eabi/lib\libc.a(lib_a-__call_atexit.o)
 .glue_7        0x080074e4        0x0 c:/winarm/bin/../lib/gcc/arm-eabi/4.3.0/../../../../arm-eabi/lib\libc.a(lib_a-ctype_.o)
 .glue_7        0x080074e4        0x0 c:/winarm/bin/../lib/gcc/arm-eabi/4.3.0\libgcc.a(_udivsi3.o)
 .glue_7        0x080074e4        0x0 c:/winarm/bin/../lib/gcc/arm-eabi/4.3.0\libgcc.a(_dvmd_tls.o)
 .glue_7        0x080074e4        0x0 c:/winarm/bin/../lib/gcc/arm-eabi/4.3.0/crtend.o
 .glue_7        0x080074e4        0x0 c:/winarm/bin/../lib/gcc/arm-eabi/4.3.0/crtn.o
 *(.glue_7t)
 .glue_7t       0x080074e4        0x0 c:/winarm/bin/../lib/gcc/arm-eabi/4.3.0/crti.o
 .glue_7t       0x080074e4        0x0 c:/winarm/bin/../lib/gcc/arm-eabi/4.3.0/crtbegin.o
 .glue_7t       0x080074e4        0x0 c:/winarm/bin/../lib/gcc/arm-eabi/4.3.0/../../../../arm-eabi/lib/crt0.o
 .glue_7t       0x080074e4        0x0 APP/src/main.o
 .glue_7t       0x080074e4        0x0 APP/src/stm32f10x_it.o
 .glue_7t       0x080074e4        0x0 APP/src/dxl_hal.o
 .glue_7t       0x080074e4        0x0 APP/src/dynamixel.o
 .glue_7t       0x080074e4        0x0 APP/src/syscalls.o
 .glue_7t       0x080074e4        0x0 stm32f10x_lib/libstm32.a(stm32f10x_flash.o)
 .glue_7t       0x080074e4        0x0 stm32f10x_lib/libstm32.a(stm32f10x_gpio.o)
 .glue_7t       0x080074e4        0x0 stm32f10x_lib/libstm32.a(stm32f10x_nvic.o)
 .glue_7t       0x080074e4        0x0 stm32f10x_lib/libstm32.a(stm32f10x_pwr.o)
 .glue_7t       0x080074e4        0x0 stm32f10x_lib/libstm32.a(stm32f10x_rcc.o)
 .glue_7t       0x080074e4        0x0 stm32f10x_lib/libstm32.a(stm32f10x_systick.o)
 .glue_7t       0x080074e4        0x0 stm32f10x_lib/libstm32.a(stm32f10x_tim.o)
 .glue_7t       0x080074e4        0x0 stm32f10x_lib/libstm32.a(stm32f10x_usart.o)
 .glue_7t       0x080074e4        0x0 stm32f10x_lib/libstm32.a(cortexm3_macro.o)
 .glue_7t       0x080074e4        0x0 stm32f10x_lib/libstm32.a(stm32f10x_vector.o)
 .glue_7t       0x080074e4        0x0 c:/winarm/bin/../lib/gcc/arm-eabi/4.3.0/../../../../arm-eabi/lib\libc.a(lib_a-atexit.o)
 .glue_7t       0x080074e4        0x0 c:/winarm/bin/../lib/gcc/arm-eabi/4.3.0/../../../../arm-eabi/lib\libc.a(lib_a-atoi.o)
 .glue_7t       0x080074e4        0x0 c:/winarm/bin/../lib/gcc/arm-eabi/4.3.0/../../../../arm-eabi/lib\libc.a(lib_a-errno.o)
 .glue_7t       0x080074e4        0x0 c:/winarm/bin/../lib/gcc/arm-eabi/4.3.0/../../../../arm-eabi/lib\libc.a(lib_a-exit.o)
 .glue_7t       0x080074e4        0x0 c:/winarm/bin/../lib/gcc/arm-eabi/4.3.0/../../../../arm-eabi/lib\libc.a(lib_a-impure.o)
 .glue_7t       0x080074e4        0x0 c:/winarm/bin/../lib/gcc/arm-eabi/4.3.0/../../../../arm-eabi/lib\libc.a(lib_a-init.o)
 .glue_7t       0x080074e4        0x0 c:/winarm/bin/../lib/gcc/arm-eabi/4.3.0/../../../../arm-eabi/lib\libc.a(lib_a-memset.o)
 .glue_7t       0x080074e4        0x0 c:/winarm/bin/../lib/gcc/arm-eabi/4.3.0/../../../../arm-eabi/lib\libc.a(lib_a-strcmp.o)
 .glue_7t       0x080074e4        0x0 c:/winarm/bin/../lib/gcc/arm-eabi/4.3.0/../../../../arm-eabi/lib\libc.a(lib_a-strncpy.o)
 .glue_7t       0x080074e4        0x0 c:/winarm/bin/../lib/gcc/arm-eabi/4.3.0/../../../../arm-eabi/lib\libc.a(lib_a-strtok.o)
 .glue_7t       0x080074e4        0x0 c:/winarm/bin/../lib/gcc/arm-eabi/4.3.0/../../../../arm-eabi/lib\libc.a(lib_a-strtok_r.o)
 .glue_7t       0x080074e4        0x0 c:/winarm/bin/../lib/gcc/arm-eabi/4.3.0/../../../../arm-eabi/lib\libc.a(lib_a-strtol.o)
 .glue_7t       0x080074e4        0x0 c:/winarm/bin/../lib/gcc/arm-eabi/4.3.0/../../../../arm-eabi/lib\libc.a(lib_a-__atexit.o)
 .glue_7t       0x080074e4        0x0 c:/winarm/bin/../lib/gcc/arm-eabi/4.3.0/../../../../arm-eabi/lib\libc.a(lib_a-__call_atexit.o)
 .glue_7t       0x080074e4        0x0 c:/winarm/bin/../lib/gcc/arm-eabi/4.3.0/../../../../arm-eabi/lib\libc.a(lib_a-ctype_.o)
 .glue_7t       0x080074e4        0x0 c:/winarm/bin/../lib/gcc/arm-eabi/4.3.0\libgcc.a(_udivsi3.o)
 .glue_7t       0x080074e4        0x0 c:/winarm/bin/../lib/gcc/arm-eabi/4.3.0\libgcc.a(_dvmd_tls.o)
 .glue_7t       0x080074e4        0x0 c:/winarm/bin/../lib/gcc/arm-eabi/4.3.0/crtend.o
 .glue_7t       0x080074e4        0x0 c:/winarm/bin/../lib/gcc/arm-eabi/4.3.0/crtn.o
                0x080074e4                . = ALIGN (0x4)
                0x080074e4                _etext = .
                0x080074e4                _sidata = _etext

.vfp11_veneer   0x20000000        0x0
 .vfp11_veneer  0x20000000        0x0 c:/winarm/bin/../lib/gcc/arm-eabi/4.3.0/crti.o
 .vfp11_veneer  0x20000000        0x0 c:/winarm/bin/../lib/gcc/arm-eabi/4.3.0/crtbegin.o
 .vfp11_veneer  0x20000000        0x0 c:/winarm/bin/../lib/gcc/arm-eabi/4.3.0/../../../../arm-eabi/lib/crt0.o
 .vfp11_veneer  0x20000000        0x0 APP/src/main.o
 .vfp11_veneer  0x20000000        0x0 APP/src/stm32f10x_it.o
 .vfp11_veneer  0x20000000        0x0 APP/src/dxl_hal.o
 .vfp11_veneer  0x20000000        0x0 APP/src/dynamixel.o
 .vfp11_veneer  0x20000000        0x0 APP/src/syscalls.o
 .vfp11_veneer  0x20000000        0x0 stm32f10x_lib/libstm32.a(stm32f10x_flash.o)
 .vfp11_veneer  0x20000000        0x0 stm32f10x_lib/libstm32.a(stm32f10x_gpio.o)
 .vfp11_veneer  0x20000000        0x0 stm32f10x_lib/libstm32.a(stm32f10x_nvic.o)
 .vfp11_veneer  0x20000000        0x0 stm32f10x_lib/libstm32.a(stm32f10x_pwr.o)
 .vfp11_veneer  0x20000000        0x0 stm32f10x_lib/libstm32.a(stm32f10x_rcc.o)
 .vfp11_veneer  0x20000000        0x0 stm32f10x_lib/libstm32.a(stm32f10x_systick.o)
 .vfp11_veneer  0x20000000        0x0 stm32f10x_lib/libstm32.a(stm32f10x_tim.o)
 .vfp11_veneer  0x20000000        0x0 stm32f10x_lib/libstm32.a(stm32f10x_usart.o)
 .vfp11_veneer  0x20000000        0x0 stm32f10x_lib/libstm32.a(cortexm3_macro.o)
 .vfp11_veneer  0x20000000        0x0 stm32f10x_lib/libstm32.a(stm32f10x_vector.o)
 .vfp11_veneer  0x20000000        0x0 c:/winarm/bin/../lib/gcc/arm-eabi/4.3.0/../../../../arm-eabi/lib\libc.a(lib_a-atexit.o)
 .vfp11_veneer  0x20000000        0x0 c:/winarm/bin/../lib/gcc/arm-eabi/4.3.0/../../../../arm-eabi/lib\libc.a(lib_a-atoi.o)
 .vfp11_veneer  0x20000000        0x0 c:/winarm/bin/../lib/gcc/arm-eabi/4.3.0/../../../../arm-eabi/lib\libc.a(lib_a-errno.o)
 .vfp11_veneer  0x20000000        0x0 c:/winarm/bin/../lib/gcc/arm-eabi/4.3.0/../../../../arm-eabi/lib\libc.a(lib_a-exit.o)
 .vfp11_veneer  0x20000000        0x0 c:/winarm/bin/../lib/gcc/arm-eabi/4.3.0/../../../../arm-eabi/lib\libc.a(lib_a-impure.o)
 .vfp11_veneer  0x20000000        0x0 c:/winarm/bin/../lib/gcc/arm-eabi/4.3.0/../../../../arm-eabi/lib\libc.a(lib_a-init.o)
 .vfp11_veneer  0x20000000        0x0 c:/winarm/bin/../lib/gcc/arm-eabi/4.3.0/../../../../arm-eabi/lib\libc.a(lib_a-memset.o)
 .vfp11_veneer  0x20000000        0x0 c:/winarm/bin/../lib/gcc/arm-eabi/4.3.0/../../../../arm-eabi/lib\libc.a(lib_a-strcmp.o)
 .vfp11_veneer  0x20000000        0x0 c:/winarm/bin/../lib/gcc/arm-eabi/4.3.0/../../../../arm-eabi/lib\libc.a(lib_a-strncpy.o)
 .vfp11_veneer  0x20000000        0x0 c:/winarm/bin/../lib/gcc/arm-eabi/4.3.0/../../../../arm-eabi/lib\libc.a(lib_a-strtok.o)
 .vfp11_veneer  0x20000000        0x0 c:/winarm/bin/../lib/gcc/arm-eabi/4.3.0/../../../../arm-eabi/lib\libc.a(lib_a-strtok_r.o)
 .vfp11_veneer  0x20000000        0x0 c:/winarm/bin/../lib/gcc/arm-eabi/4.3.0/../../../../arm-eabi/lib\libc.a(lib_a-strtol.o)
 .vfp11_veneer  0x20000000        0x0 c:/winarm/bin/../lib/gcc/arm-eabi/4.3.0/../../../../arm-eabi/lib\libc.a(lib_a-__atexit.o)
 .vfp11_veneer  0x20000000        0x0 c:/winarm/bin/../lib/gcc/arm-eabi/4.3.0/../../../../arm-eabi/lib\libc.a(lib_a-__call_atexit.o)
 .vfp11_veneer  0x20000000        0x0 c:/winarm/bin/../lib/gcc/arm-eabi/4.3.0/../../../../arm-eabi/lib\libc.a(lib_a-ctype_.o)
 .vfp11_veneer  0x20000000        0x0 c:/winarm/bin/../lib/gcc/arm-eabi/4.3.0\libgcc.a(_udivsi3.o)
 .vfp11_veneer  0x20000000        0x0 c:/winarm/bin/../lib/gcc/arm-eabi/4.3.0\libgcc.a(_dvmd_tls.o)
 .vfp11_veneer  0x20000000        0x0 c:/winarm/bin/../lib/gcc/arm-eabi/4.3.0/crtend.o
 .vfp11_veneer  0x20000000        0x0 c:/winarm/bin/../lib/gcc/arm-eabi/4.3.0/crtn.o

.v4_bx          0x20000000        0x0
 .v4_bx         0x20000000        0x0 c:/winarm/bin/../lib/gcc/arm-eabi/4.3.0/crti.o
 .v4_bx         0x20000000        0x0 c:/winarm/bin/../lib/gcc/arm-eabi/4.3.0/crtbegin.o
 .v4_bx         0x20000000        0x0 c:/winarm/bin/../lib/gcc/arm-eabi/4.3.0/../../../../arm-eabi/lib/crt0.o
 .v4_bx         0x20000000        0x0 APP/src/main.o
 .v4_bx         0x20000000        0x0 APP/src/stm32f10x_it.o
 .v4_bx         0x20000000        0x0 APP/src/dxl_hal.o
 .v4_bx         0x20000000        0x0 APP/src/dynamixel.o
 .v4_bx         0x20000000        0x0 APP/src/syscalls.o
 .v4_bx         0x20000000        0x0 stm32f10x_lib/libstm32.a(stm32f10x_flash.o)
 .v4_bx         0x20000000        0x0 stm32f10x_lib/libstm32.a(stm32f10x_gpio.o)
 .v4_bx         0x20000000        0x0 stm32f10x_lib/libstm32.a(stm32f10x_nvic.o)
 .v4_bx         0x20000000        0x0 stm32f10x_lib/libstm32.a(stm32f10x_pwr.o)
 .v4_bx         0x20000000        0x0 stm32f10x_lib/libstm32.a(stm32f10x_rcc.o)
 .v4_bx         0x20000000        0x0 stm32f10x_lib/libstm32.a(stm32f10x_systick.o)
 .v4_bx         0x20000000        0x0 stm32f10x_lib/libstm32.a(stm32f10x_tim.o)
 .v4_bx         0x20000000        0x0 stm32f10x_lib/libstm32.a(stm32f10x_usart.o)
 .v4_bx         0x20000000        0x0 stm32f10x_lib/libstm32.a(cortexm3_macro.o)
 .v4_bx         0x20000000        0x0 stm32f10x_lib/libstm32.a(stm32f10x_vector.o)
 .v4_bx         0x20000000        0x0 c:/winarm/bin/../lib/gcc/arm-eabi/4.3.0/../../../../arm-eabi/lib\libc.a(lib_a-atexit.o)
 .v4_bx         0x20000000        0x0 c:/winarm/bin/../lib/gcc/arm-eabi/4.3.0/../../../../arm-eabi/lib\libc.a(lib_a-atoi.o)
 .v4_bx         0x20000000        0x0 c:/winarm/bin/../lib/gcc/arm-eabi/4.3.0/../../../../arm-eabi/lib\libc.a(lib_a-errno.o)
 .v4_bx         0x20000000        0x0 c:/winarm/bin/../lib/gcc/arm-eabi/4.3.0/../../../../arm-eabi/lib\libc.a(lib_a-exit.o)
 .v4_bx         0x20000000        0x0 c:/winarm/bin/../lib/gcc/arm-eabi/4.3.0/../../../../arm-eabi/lib\libc.a(lib_a-impure.o)
 .v4_bx         0x20000000        0x0 c:/winarm/bin/../lib/gcc/arm-eabi/4.3.0/../../../../arm-eabi/lib\libc.a(lib_a-init.o)
 .v4_bx         0x20000000        0x0 c:/winarm/bin/../lib/gcc/arm-eabi/4.3.0/../../../../arm-eabi/lib\libc.a(lib_a-memset.o)
 .v4_bx         0x20000000        0x0 c:/winarm/bin/../lib/gcc/arm-eabi/4.3.0/../../../../arm-eabi/lib\libc.a(lib_a-strcmp.o)
 .v4_bx         0x20000000        0x0 c:/winarm/bin/../lib/gcc/arm-eabi/4.3.0/../../../../arm-eabi/lib\libc.a(lib_a-strncpy.o)
 .v4_bx         0x20000000        0x0 c:/winarm/bin/../lib/gcc/arm-eabi/4.3.0/../../../../arm-eabi/lib\libc.a(lib_a-strtok.o)
 .v4_bx         0x20000000        0x0 c:/winarm/bin/../lib/gcc/arm-eabi/4.3.0/../../../../arm-eabi/lib\libc.a(lib_a-strtok_r.o)
 .v4_bx         0x20000000        0x0 c:/winarm/bin/../lib/gcc/arm-eabi/4.3.0/../../../../arm-eabi/lib\libc.a(lib_a-strtol.o)
 .v4_bx         0x20000000        0x0 c:/winarm/bin/../lib/gcc/arm-eabi/4.3.0/../../../../arm-eabi/lib\libc.a(lib_a-__atexit.o)
 .v4_bx         0x20000000        0x0 c:/winarm/bin/../lib/gcc/arm-eabi/4.3.0/../../../../arm-eabi/lib\libc.a(lib_a-__call_atexit.o)
 .v4_bx         0x20000000        0x0 c:/winarm/bin/../lib/gcc/arm-eabi/4.3.0/../../../../arm-eabi/lib\libc.a(lib_a-ctype_.o)
 .v4_bx         0x20000000        0x0 c:/winarm/bin/../lib/gcc/arm-eabi/4.3.0\libgcc.a(_udivsi3.o)
 .v4_bx         0x20000000        0x0 c:/winarm/bin/../lib/gcc/arm-eabi/4.3.0\libgcc.a(_dvmd_tls.o)
 .v4_bx         0x20000000        0x0 c:/winarm/bin/../lib/gcc/arm-eabi/4.3.0/crtend.o
 .v4_bx         0x20000000        0x0 c:/winarm/bin/../lib/gcc/arm-eabi/4.3.0/crtn.o

.data           0x20000000      0x41c load address 0x080074e4
                0x20000000                . = ALIGN (0x4)
                0x20000000                _sdata = .
 *(.data)
 .data          0x20000000        0xc APP/src/main.o
                0x20000004                Baudrate_PC
                0x20000008                CCR1_Val
                0x20000000                Baudrate_DXL
 .data          0x2000000c        0x4 APP/src/dynamixel.o
                0x2000000c                gbCommStatus
 .data          0x20000010      0x408 c:/winarm/bin/../lib/gcc/arm-eabi/4.3.0/../../../../arm-eabi/lib\libc.a(lib_a-impure.o)
                0x20000010                _impure_ptr
 .data          0x20000418        0x4 c:/winarm/bin/../lib/gcc/arm-eabi/4.3.0/../../../../arm-eabi/lib\libc.a(lib_a-ctype_.o)
                0x20000418                __ctype_ptr
 *(.data.*)
                0x2000041c                . = ALIGN (0x4)
                0x2000041c                _edata = .

.bss            0x2000041c      0x22c load address 0x08007900
                0x2000041c                . = ALIGN (0x4)
                0x2000041c                _sbss = .
 *(.bss)
 .bss           0x2000041c      0x140 APP/src/main.o
                0x20000528                gbRxBufferWritePointer
                0x2000052c                gwTimingDelay
                0x20000529                gbRxBufferReadPointer
                0x20000428                gbpRxInterruptBuffer
                0x20000530                gw1msCounter
                0x20000420                CommStatus
                0x2000054c                gTraj
                0x20000534                gJoints
                0x2000041c                capture
 .bss           0x2000055c       0xec APP/src/dynamixel.o
                0x2000055c                gbInstructionPacket
                0x20000642                gbRxPacketLength
                0x20000643                gbRxGetLength
                0x20000644                giBusUsing
                0x200005fc                gbStatusPacket
 *(COMMON)
                0x20000648                . = ALIGN (0x4)
                0x20000648                _ebss = .
                0x20000648                PROVIDE (end, _ebss)
                0x20000648                PROVIDE (_end, _ebss)

._usrstack      0x20000648      0x100 load address 0x08007b2c
                0x20000648                . = ALIGN (0x4)
                0x20000648                _susrstack = .
                0x20000748                . = (. + _Minimum_Stack_Size)
 *fill*         0x20000648      0x100 00
                0x20000748                . = ALIGN (0x4)
                0x20000748                _eusrstack = .

.b1text
 *(.b1text)
 *(.b1rodata)
 *(.b1rodata*)

.eb0text
 *(.eb0text)
 *(.eb0rodata)
 *(.eb0rodata*)

.eb1text
 *(.eb1text)
 *(.eb1rodata)
 *(.eb1rodata*)

.eb2text
 *(.eb2text)
 *(.eb2rodata)
 *(.eb2rodata*)

.eb3text
 *(.eb3text)
 *(.eb3rodata)
 *(.eb3rodata*)
                0x20000748                __exidx_start = .
                0x20000748                __exidx_end = .

/DISCARD/
 libc.a(*)
 libm.a(*)
 libgcc.a(*)

.stab
 *(.stab)

.stabstr
 *(.stabstr)

.stab.excl
 *(.stab.excl)

.stab.exclstr
 *(.stab.exclstr)

.stab.index
 *(.stab.index)

.stab.indexstr
 *(.stab.indexstr)

.comment        0x00000000      0x3e0
 *(.comment)
 .comment       0x00000000       0x20 c:/winarm/bin/../lib/gcc/arm-eabi/4.3.0/crtbegin.o
 .comment       0x00000020       0x20 APP/src/main.o
 .comment       0x00000040       0x20 APP/src/stm32f10x_it.o
 .comment       0x00000060       0x20 APP/src/dxl_hal.o
 .comment       0x00000080       0x20 APP/src/dynamixel.o
 .comment       0x000000a0       0x20 APP/src/syscalls.o
 .comment       0x000000c0       0x20 stm32f10x_lib/libstm32.a(stm32f10x_flash.o)
 .comment       0x000000e0       0x20 stm32f10x_lib/libstm32.a(stm32f10x_gpio.o)
 .comment       0x00000100       0x20 stm32f10x_lib/libstm32.a(stm32f10x_nvic.o)
 .comment       0x00000120       0x20 stm32f10x_lib/libstm32.a(stm32f10x_pwr.o)
 .comment       0x00000140       0x20 stm32f10x_lib/libstm32.a(stm32f10x_rcc.o)
 .comment       0x00000160       0x20 stm32f10x_lib/libstm32.a(stm32f10x_systick.o)
 .comment       0x00000180       0x20 stm32f10x_lib/libstm32.a(stm32f10x_tim.o)
 .comment       0x000001a0       0x20 stm32f10x_lib/libstm32.a(stm32f10x_usart.o)
 .comment       0x000001c0       0x20 stm32f10x_lib/libstm32.a(stm32f10x_vector.o)
 .comment       0x000001e0       0x20 c:/winarm/bin/../lib/gcc/arm-eabi/4.3.0/../../../../arm-eabi/lib\libc.a(lib_a-atexit.o)
 .comment       0x00000200       0x20 c:/winarm/bin/../lib/gcc/arm-eabi/4.3.0/../../../../arm-eabi/lib\libc.a(lib_a-atoi.o)
 .comment       0x00000220       0x20 c:/winarm/bin/../lib/gcc/arm-eabi/4.3.0/../../../../arm-eabi/lib\libc.a(lib_a-errno.o)
 .comment       0x00000240       0x20 c:/winarm/bin/../lib/gcc/arm-eabi/4.3.0/../../../../arm-eabi/lib\libc.a(lib_a-exit.o)
 .comment       0x00000260       0x20 c:/winarm/bin/../lib/gcc/arm-eabi/4.3.0/../../../../arm-eabi/lib\libc.a(lib_a-impure.o)
 .comment       0x00000280       0x20 c:/winarm/bin/../lib/gcc/arm-eabi/4.3.0/../../../../arm-eabi/lib\libc.a(lib_a-init.o)
 .comment       0x000002a0       0x20 c:/winarm/bin/../lib/gcc/arm-eabi/4.3.0/../../../../arm-eabi/lib\libc.a(lib_a-memset.o)
 .comment       0x000002c0       0x20 c:/winarm/bin/../lib/gcc/arm-eabi/4.3.0/../../../../arm-eabi/lib\libc.a(lib_a-strcmp.o)
 .comment       0x000002e0       0x20 c:/winarm/bin/../lib/gcc/arm-eabi/4.3.0/../../../../arm-eabi/lib\libc.a(lib_a-strncpy.o)
 .comment       0x00000300       0x20 c:/winarm/bin/../lib/gcc/arm-eabi/4.3.0/../../../../arm-eabi/lib\libc.a(lib_a-strtok.o)
 .comment       0x00000320       0x20 c:/winarm/bin/../lib/gcc/arm-eabi/4.3.0/../../../../arm-eabi/lib\libc.a(lib_a-strtok_r.o)
 .comment       0x00000340       0x20 c:/winarm/bin/../lib/gcc/arm-eabi/4.3.0/../../../../arm-eabi/lib\libc.a(lib_a-strtol.o)
 .comment       0x00000360       0x20 c:/winarm/bin/../lib/gcc/arm-eabi/4.3.0/../../../../arm-eabi/lib\libc.a(lib_a-__atexit.o)
 .comment       0x00000380       0x20 c:/winarm/bin/../lib/gcc/arm-eabi/4.3.0/../../../../arm-eabi/lib\libc.a(lib_a-__call_atexit.o)
 .comment       0x000003a0       0x20 c:/winarm/bin/../lib/gcc/arm-eabi/4.3.0/../../../../arm-eabi/lib\libc.a(lib_a-ctype_.o)
 .comment       0x000003c0       0x20 c:/winarm/bin/../lib/gcc/arm-eabi/4.3.0/crtend.o

.debug
 *(.debug)

.line
 *(.line)

.debug_srcinfo
 *(.debug_srcinfo)

.debug_sfnames
 *(.debug_sfnames)

.debug_aranges  0x00000000      0x430
 *(.debug_aranges)
 .debug_aranges
                0x00000000       0x28 c:/winarm/bin/../lib/gcc/arm-eabi/4.3.0/crti.o
 .debug_aranges
                0x00000028       0x20 c:/winarm/bin/../lib/gcc/arm-eabi/4.3.0/../../../../arm-eabi/lib/crt0.o
 .debug_aranges
                0x00000048       0x20 APP/src/main.o
 .debug_aranges
                0x00000068       0x20 APP/src/stm32f10x_it.o
 .debug_aranges
                0x00000088       0x20 APP/src/dxl_hal.o
 .debug_aranges
                0x000000a8       0x20 APP/src/dynamixel.o
 .debug_aranges
                0x000000c8       0x20 APP/src/syscalls.o
 .debug_aranges
                0x000000e8       0x20 stm32f10x_lib/libstm32.a(stm32f10x_flash.o)
 .debug_aranges
                0x00000108       0x20 stm32f10x_lib/libstm32.a(stm32f10x_gpio.o)
 .debug_aranges
                0x00000128       0x20 stm32f10x_lib/libstm32.a(stm32f10x_nvic.o)
 .debug_aranges
                0x00000148       0x20 stm32f10x_lib/libstm32.a(stm32f10x_pwr.o)
 .debug_aranges
                0x00000168       0x20 stm32f10x_lib/libstm32.a(stm32f10x_rcc.o)
 .debug_aranges
                0x00000188       0x20 stm32f10x_lib/libstm32.a(stm32f10x_systick.o)
 .debug_aranges
                0x000001a8       0x20 stm32f10x_lib/libstm32.a(stm32f10x_tim.o)
 .debug_aranges
                0x000001c8       0x20 stm32f10x_lib/libstm32.a(stm32f10x_usart.o)
 .debug_aranges
                0x000001e8       0x20 stm32f10x_lib/libstm32.a(cortexm3_macro.o)
 .debug_aranges
                0x00000208       0x20 stm32f10x_lib/libstm32.a(stm32f10x_vector.o)
 .debug_aranges
                0x00000228       0x20 c:/winarm/bin/../lib/gcc/arm-eabi/4.3.0/../../../../arm-eabi/lib\libc.a(lib_a-atexit.o)
 .debug_aranges
                0x00000248       0x20 c:/winarm/bin/../lib/gcc/arm-eabi/4.3.0/../../../../arm-eabi/lib\libc.a(lib_a-atoi.o)
 .debug_aranges
                0x00000268       0x20 c:/winarm/bin/../lib/gcc/arm-eabi/4.3.0/../../../../arm-eabi/lib\libc.a(lib_a-errno.o)
 .debug_aranges
                0x00000288       0x20 c:/winarm/bin/../lib/gcc/arm-eabi/4.3.0/../../../../arm-eabi/lib\libc.a(lib_a-exit.o)
 .debug_aranges
                0x000002a8       0x20 c:/winarm/bin/../lib/gcc/arm-eabi/4.3.0/../../../../arm-eabi/lib\libc.a(lib_a-init.o)
 .debug_aranges
                0x000002c8       0x20 c:/winarm/bin/../lib/gcc/arm-eabi/4.3.0/../../../../arm-eabi/lib\libc.a(lib_a-memset.o)
 .debug_aranges
                0x000002e8       0x20 c:/winarm/bin/../lib/gcc/arm-eabi/4.3.0/../../../../arm-eabi/lib\libc.a(lib_a-strcmp.o)
 .debug_aranges
                0x00000308       0x20 c:/winarm/bin/../lib/gcc/arm-eabi/4.3.0/../../../../arm-eabi/lib\libc.a(lib_a-strncpy.o)
 .debug_aranges
                0x00000328       0x20 c:/winarm/bin/../lib/gcc/arm-eabi/4.3.0/../../../../arm-eabi/lib\libc.a(lib_a-strtok.o)
 .debug_aranges
                0x00000348       0x20 c:/winarm/bin/../lib/gcc/arm-eabi/4.3.0/../../../../arm-eabi/lib\libc.a(lib_a-strtok_r.o)
 .debug_aranges
                0x00000368       0x20 c:/winarm/bin/../lib/gcc/arm-eabi/4.3.0/../../../../arm-eabi/lib\libc.a(lib_a-strtol.o)
 .debug_aranges
                0x00000388       0x20 c:/winarm/bin/../lib/gcc/arm-eabi/4.3.0/../../../../arm-eabi/lib\libc.a(lib_a-__atexit.o)
 .debug_aranges
                0x000003a8       0x20 c:/winarm/bin/../lib/gcc/arm-eabi/4.3.0/../../../../arm-eabi/lib\libc.a(lib_a-__call_atexit.o)
 .debug_aranges
                0x000003c8       0x20 c:/winarm/bin/../lib/gcc/arm-eabi/4.3.0\libgcc.a(_udivsi3.o)
 .debug_aranges
                0x000003e8       0x20 c:/winarm/bin/../lib/gcc/arm-eabi/4.3.0\libgcc.a(_dvmd_tls.o)
 .debug_aranges
                0x00000408       0x28 c:/winarm/bin/../lib/gcc/arm-eabi/4.3.0/crtn.o

.debug_pubnames
                0x00000000     0x2678
 *(.debug_pubnames)
 .debug_pubnames
                0x00000000      0x500 APP/src/main.o
 .debug_pubnames
                0x00000500      0x63c APP/src/stm32f10x_it.o
 .debug_pubnames
                0x00000b3c       0x91 APP/src/dxl_hal.o
 .debug_pubnames
                0x00000bcd      0x24f APP/src/dynamixel.o
 .debug_pubnames
                0x00000e1c       0x5e APP/src/syscalls.o
 .debug_pubnames
                0x00000e7a      0x26e stm32f10x_lib/libstm32.a(stm32f10x_flash.o)
 .debug_pubnames
                0x000010e8      0x17b stm32f10x_lib/libstm32.a(stm32f10x_gpio.o)
 .debug_pubnames
                0x00001263      0x360 stm32f10x_lib/libstm32.a(stm32f10x_nvic.o)
 .debug_pubnames
                0x000015c3       0xcb stm32f10x_lib/libstm32.a(stm32f10x_pwr.o)
 .debug_pubnames
                0x0000168e      0x2c4 stm32f10x_lib/libstm32.a(stm32f10x_rcc.o)
 .debug_pubnames
                0x00001952       0xa1 stm32f10x_lib/libstm32.a(stm32f10x_systick.o)
 .debug_pubnames
                0x000019f3      0x7b0 stm32f10x_lib/libstm32.a(stm32f10x_tim.o)
 .debug_pubnames
                0x000021a3      0x25f stm32f10x_lib/libstm32.a(stm32f10x_usart.o)
 .debug_pubnames
                0x00002402       0x35 stm32f10x_lib/libstm32.a(stm32f10x_vector.o)
 .debug_pubnames
                0x00002437       0x1d c:/winarm/bin/../lib/gcc/arm-eabi/4.3.0/../../../../arm-eabi/lib\libc.a(lib_a-atexit.o)
 .debug_pubnames
                0x00002454       0x27 c:/winarm/bin/../lib/gcc/arm-eabi/4.3.0/../../../../arm-eabi/lib\libc.a(lib_a-atoi.o)
 .debug_pubnames
                0x0000247b       0x1e c:/winarm/bin/../lib/gcc/arm-eabi/4.3.0/../../../../arm-eabi/lib\libc.a(lib_a-errno.o)
 .debug_pubnames
                0x00002499       0x1b c:/winarm/bin/../lib/gcc/arm-eabi/4.3.0/../../../../arm-eabi/lib\libc.a(lib_a-exit.o)
 .debug_pubnames
                0x000024b4       0x39 c:/winarm/bin/../lib/gcc/arm-eabi/4.3.0/../../../../arm-eabi/lib\libc.a(lib_a-impure.o)
 .debug_pubnames
                0x000024ed       0x3e c:/winarm/bin/../lib/gcc/arm-eabi/4.3.0/../../../../arm-eabi/lib\libc.a(lib_a-init.o)
 .debug_pubnames
                0x0000252b       0x1d c:/winarm/bin/../lib/gcc/arm-eabi/4.3.0/../../../../arm-eabi/lib\libc.a(lib_a-memset.o)
 .debug_pubnames
                0x00002548       0x1d c:/winarm/bin/../lib/gcc/arm-eabi/4.3.0/../../../../arm-eabi/lib\libc.a(lib_a-strcmp.o)
 .debug_pubnames
                0x00002565       0x1e c:/winarm/bin/../lib/gcc/arm-eabi/4.3.0/../../../../arm-eabi/lib\libc.a(lib_a-strncpy.o)
 .debug_pubnames
                0x00002583       0x1d c:/winarm/bin/../lib/gcc/arm-eabi/4.3.0/../../../../arm-eabi/lib\libc.a(lib_a-strtok.o)
 .debug_pubnames
                0x000025a0       0x2e c:/winarm/bin/../lib/gcc/arm-eabi/4.3.0/../../../../arm-eabi/lib\libc.a(lib_a-strtok_r.o)
 .debug_pubnames
                0x000025ce       0x2b c:/winarm/bin/../lib/gcc/arm-eabi/4.3.0/../../../../arm-eabi/lib\libc.a(lib_a-strtol.o)
 .debug_pubnames
                0x000025f9       0x2a c:/winarm/bin/../lib/gcc/arm-eabi/4.3.0/../../../../arm-eabi/lib\libc.a(lib_a-__atexit.o)
 .debug_pubnames
                0x00002623       0x27 c:/winarm/bin/../lib/gcc/arm-eabi/4.3.0/../../../../arm-eabi/lib\libc.a(lib_a-__call_atexit.o)
 .debug_pubnames
                0x0000264a       0x2e c:/winarm/bin/../lib/gcc/arm-eabi/4.3.0/../../../../arm-eabi/lib\libc.a(lib_a-ctype_.o)

.debug_info     0x00000000     0xca8f
 *(.debug_info .gnu.linkonce.wi.*)
 .debug_info    0x00000000       0x4d c:/winarm/bin/../lib/gcc/arm-eabi/4.3.0/crti.o
 .debug_info    0x0000004d       0x84 c:/winarm/bin/../lib/gcc/arm-eabi/4.3.0/../../../../arm-eabi/lib/crt0.o
 .debug_info    0x000000d1     0x1605 APP/src/main.o
 .debug_info    0x000016d6      0x57d APP/src/stm32f10x_it.o
 .debug_info    0x00001c53      0x16c APP/src/dxl_hal.o
 .debug_info    0x00001dbf      0x58d APP/src/dynamixel.o
 .debug_info    0x0000234c      0x3a1 APP/src/syscalls.o
 .debug_info    0x000026ed      0x73a stm32f10x_lib/libstm32.a(stm32f10x_flash.o)
 .debug_info    0x00002e27      0x648 stm32f10x_lib/libstm32.a(stm32f10x_gpio.o)
 .debug_info    0x0000346f      0x8e7 stm32f10x_lib/libstm32.a(stm32f10x_nvic.o)
 .debug_info    0x00003d56      0x247 stm32f10x_lib/libstm32.a(stm32f10x_pwr.o)
 .debug_info    0x00003f9d      0x8bd stm32f10x_lib/libstm32.a(stm32f10x_rcc.o)
 .debug_info    0x0000485a      0x1ef stm32f10x_lib/libstm32.a(stm32f10x_systick.o)
 .debug_info    0x00004a49     0x2149 stm32f10x_lib/libstm32.a(stm32f10x_tim.o)
 .debug_info    0x00006b92      0x950 stm32f10x_lib/libstm32.a(stm32f10x_usart.o)
 .debug_info    0x000074e2       0x7e stm32f10x_lib/libstm32.a(cortexm3_macro.o)
 .debug_info    0x00007560      0x106 stm32f10x_lib/libstm32.a(stm32f10x_vector.o)
 .debug_info    0x00007666       0xc5 c:/winarm/bin/../lib/gcc/arm-eabi/4.3.0/../../../../arm-eabi/lib\libc.a(lib_a-atexit.o)
 .debug_info    0x0000772b      0x961 c:/winarm/bin/../lib/gcc/arm-eabi/4.3.0/../../../../arm-eabi/lib\libc.a(lib_a-atoi.o)
 .debug_info    0x0000808c      0x92b c:/winarm/bin/../lib/gcc/arm-eabi/4.3.0/../../../../arm-eabi/lib\libc.a(lib_a-errno.o)
 .debug_info    0x000089b7      0x93a c:/winarm/bin/../lib/gcc/arm-eabi/4.3.0/../../../../arm-eabi/lib\libc.a(lib_a-exit.o)
 .debug_info    0x000092f1      0x93a c:/winarm/bin/../lib/gcc/arm-eabi/4.3.0/../../../../arm-eabi/lib\libc.a(lib_a-impure.o)
 .debug_info    0x00009c2b      0x146 c:/winarm/bin/../lib/gcc/arm-eabi/4.3.0/../../../../arm-eabi/lib\libc.a(lib_a-init.o)
 .debug_info    0x00009d71      0x113 c:/winarm/bin/../lib/gcc/arm-eabi/4.3.0/../../../../arm-eabi/lib\libc.a(lib_a-memset.o)
 .debug_info    0x00009e84       0xdb c:/winarm/bin/../lib/gcc/arm-eabi/4.3.0/../../../../arm-eabi/lib\libc.a(lib_a-strcmp.o)
 .debug_info    0x00009f5f      0x12a c:/winarm/bin/../lib/gcc/arm-eabi/4.3.0/../../../../arm-eabi/lib\libc.a(lib_a-strncpy.o)
 .debug_info    0x0000a089      0x948 c:/winarm/bin/../lib/gcc/arm-eabi/4.3.0/../../../../arm-eabi/lib\libc.a(lib_a-strtok.o)
 .debug_info    0x0000a9d1      0x164 c:/winarm/bin/../lib/gcc/arm-eabi/4.3.0/../../../../arm-eabi/lib\libc.a(lib_a-strtok_r.o)
 .debug_info    0x0000ab35      0xa25 c:/winarm/bin/../lib/gcc/arm-eabi/4.3.0/../../../../arm-eabi/lib\libc.a(lib_a-strtol.o)
 .debug_info    0x0000b55a      0x9a5 c:/winarm/bin/../lib/gcc/arm-eabi/4.3.0/../../../../arm-eabi/lib\libc.a(lib_a-__atexit.o)
 .debug_info    0x0000beff      0x9b2 c:/winarm/bin/../lib/gcc/arm-eabi/4.3.0/../../../../arm-eabi/lib\libc.a(lib_a-__call_atexit.o)
 .debug_info    0x0000c8b1       0x75 c:/winarm/bin/../lib/gcc/arm-eabi/4.3.0/../../../../arm-eabi/lib\libc.a(lib_a-ctype_.o)
 .debug_info    0x0000c926       0x8e c:/winarm/bin/../lib/gcc/arm-eabi/4.3.0\libgcc.a(_udivsi3.o)
 .debug_info    0x0000c9b4       0x8e c:/winarm/bin/../lib/gcc/arm-eabi/4.3.0\libgcc.a(_dvmd_tls.o)
 .debug_info    0x0000ca42       0x4d c:/winarm/bin/../lib/gcc/arm-eabi/4.3.0/crtn.o

.debug_abbrev   0x00000000     0x2919
 *(.debug_abbrev)
 .debug_abbrev  0x00000000       0x12 c:/winarm/bin/../lib/gcc/arm-eabi/4.3.0/crti.o
 .debug_abbrev  0x00000012       0x14 c:/winarm/bin/../lib/gcc/arm-eabi/4.3.0/../../../../arm-eabi/lib/crt0.o
 .debug_abbrev  0x00000026      0x345 APP/src/main.o
 .debug_abbrev  0x0000036b       0x68 APP/src/stm32f10x_it.o
 .debug_abbrev  0x000003d3       0xc4 APP/src/dxl_hal.o
 .debug_abbrev  0x00000497      0x22d APP/src/dynamixel.o
 .debug_abbrev  0x000006c4       0xc7 APP/src/syscalls.o
 .debug_abbrev  0x0000078b      0x21c stm32f10x_lib/libstm32.a(stm32f10x_flash.o)
 .debug_abbrev  0x000009a7      0x225 stm32f10x_lib/libstm32.a(stm32f10x_gpio.o)
 .debug_abbrev  0x00000bcc      0x259 stm32f10x_lib/libstm32.a(stm32f10x_nvic.o)
 .debug_abbrev  0x00000e25      0x140 stm32f10x_lib/libstm32.a(stm32f10x_pwr.o)
 .debug_abbrev  0x00000f65      0x29b stm32f10x_lib/libstm32.a(stm32f10x_rcc.o)
 .debug_abbrev  0x00001200      0x126 stm32f10x_lib/libstm32.a(stm32f10x_systick.o)
 .debug_abbrev  0x00001326      0x27d stm32f10x_lib/libstm32.a(stm32f10x_tim.o)
 .debug_abbrev  0x000015a3      0x1e1 stm32f10x_lib/libstm32.a(stm32f10x_usart.o)
 .debug_abbrev  0x00001784       0x14 stm32f10x_lib/libstm32.a(cortexm3_macro.o)
 .debug_abbrev  0x00001798       0xb5 stm32f10x_lib/libstm32.a(stm32f10x_vector.o)
 .debug_abbrev  0x0000184d       0x81 c:/winarm/bin/../lib/gcc/arm-eabi/4.3.0/../../../../arm-eabi/lib\libc.a(lib_a-atexit.o)
 .debug_abbrev  0x000018ce      0x17f c:/winarm/bin/../lib/gcc/arm-eabi/4.3.0/../../../../arm-eabi/lib\libc.a(lib_a-atoi.o)
 .debug_abbrev  0x00001a4d      0x168 c:/winarm/bin/../lib/gcc/arm-eabi/4.3.0/../../../../arm-eabi/lib\libc.a(lib_a-errno.o)
 .debug_abbrev  0x00001bb5      0x177 c:/winarm/bin/../lib/gcc/arm-eabi/4.3.0/../../../../arm-eabi/lib\libc.a(lib_a-exit.o)
 .debug_abbrev  0x00001d2c      0x160 c:/winarm/bin/../lib/gcc/arm-eabi/4.3.0/../../../../arm-eabi/lib\libc.a(lib_a-impure.o)
 .debug_abbrev  0x00001e8c       0xa4 c:/winarm/bin/../lib/gcc/arm-eabi/4.3.0/../../../../arm-eabi/lib\libc.a(lib_a-init.o)
 .debug_abbrev  0x00001f30       0xb2 c:/winarm/bin/../lib/gcc/arm-eabi/4.3.0/../../../../arm-eabi/lib\libc.a(lib_a-memset.o)
 .debug_abbrev  0x00001fe2       0x7a c:/winarm/bin/../lib/gcc/arm-eabi/4.3.0/../../../../arm-eabi/lib\libc.a(lib_a-strcmp.o)
 .debug_abbrev  0x0000205c       0x96 c:/winarm/bin/../lib/gcc/arm-eabi/4.3.0/../../../../arm-eabi/lib\libc.a(lib_a-strncpy.o)
 .debug_abbrev  0x000020f2      0x188 c:/winarm/bin/../lib/gcc/arm-eabi/4.3.0/../../../../arm-eabi/lib\libc.a(lib_a-strtok.o)
 .debug_abbrev  0x0000227a       0xb8 c:/winarm/bin/../lib/gcc/arm-eabi/4.3.0/../../../../arm-eabi/lib\libc.a(lib_a-strtok_r.o)
 .debug_abbrev  0x00002332      0x1c6 c:/winarm/bin/../lib/gcc/arm-eabi/4.3.0/../../../../arm-eabi/lib\libc.a(lib_a-strtol.o)
 .debug_abbrev  0x000024f8      0x1bc c:/winarm/bin/../lib/gcc/arm-eabi/4.3.0/../../../../arm-eabi/lib\libc.a(lib_a-__atexit.o)
 .debug_abbrev  0x000026b4      0x1d0 c:/winarm/bin/../lib/gcc/arm-eabi/4.3.0/../../../../arm-eabi/lib\libc.a(lib_a-__call_atexit.o)
 .debug_abbrev  0x00002884       0x5b c:/winarm/bin/../lib/gcc/arm-eabi/4.3.0/../../../../arm-eabi/lib\libc.a(lib_a-ctype_.o)
 .debug_abbrev  0x000028df       0x14 c:/winarm/bin/../lib/gcc/arm-eabi/4.3.0\libgcc.a(_udivsi3.o)
 .debug_abbrev  0x000028f3       0x14 c:/winarm/bin/../lib/gcc/arm-eabi/4.3.0\libgcc.a(_dvmd_tls.o)
 .debug_abbrev  0x00002907       0x12 c:/winarm/bin/../lib/gcc/arm-eabi/4.3.0/crtn.o

.debug_line     0x00000000     0x28e1
 *(.debug_line)
 .debug_line    0x00000000       0x49 c:/winarm/bin/../lib/gcc/arm-eabi/4.3.0/crti.o
 .debug_line    0x00000049       0x9a c:/winarm/bin/../lib/gcc/arm-eabi/4.3.0/../../../../arm-eabi/lib/crt0.o
 .debug_line    0x000000e3      0x4fa APP/src/main.o
 .debug_line    0x000005dd      0x159 APP/src/stm32f10x_it.o
 .debug_line    0x00000736       0x71 APP/src/dxl_hal.o
 .debug_line    0x000007a7      0x146 APP/src/dynamixel.o
 .debug_line    0x000008ed       0xa1 APP/src/syscalls.o
 .debug_line    0x0000098e      0x223 stm32f10x_lib/libstm32.a(stm32f10x_flash.o)
 .debug_line    0x00000bb1      0x178 stm32f10x_lib/libstm32.a(stm32f10x_gpio.o)
 .debug_line    0x00000d29      0x1aa stm32f10x_lib/libstm32.a(stm32f10x_nvic.o)
 .debug_line    0x00000ed3       0xd6 stm32f10x_lib/libstm32.a(stm32f10x_pwr.o)
 .debug_line    0x00000fa9      0x1b8 stm32f10x_lib/libstm32.a(stm32f10x_rcc.o)
 .debug_line    0x00001161       0xbd stm32f10x_lib/libstm32.a(stm32f10x_systick.o)
 .debug_line    0x0000121e      0x5ef stm32f10x_lib/libstm32.a(stm32f10x_tim.o)
 .debug_line    0x0000180d      0x1fe stm32f10x_lib/libstm32.a(stm32f10x_usart.o)
 .debug_line    0x00001a0b       0xa4 stm32f10x_lib/libstm32.a(cortexm3_macro.o)
 .debug_line    0x00001aaf       0x5e stm32f10x_lib/libstm32.a(stm32f10x_vector.o)
 .debug_line    0x00001b0d       0x74 c:/winarm/bin/../lib/gcc/arm-eabi/4.3.0/../../../../arm-eabi/lib\libc.a(lib_a-atexit.o)
 .debug_line    0x00001b81       0xf5 c:/winarm/bin/../lib/gcc/arm-eabi/4.3.0/../../../../arm-eabi/lib\libc.a(lib_a-atoi.o)
 .debug_line    0x00001c76       0xeb c:/winarm/bin/../lib/gcc/arm-eabi/4.3.0/../../../../arm-eabi/lib\libc.a(lib_a-errno.o)
 .debug_line    0x00001d61       0xef c:/winarm/bin/../lib/gcc/arm-eabi/4.3.0/../../../../arm-eabi/lib\libc.a(lib_a-exit.o)
 .debug_line    0x00001e50       0xdb c:/winarm/bin/../lib/gcc/arm-eabi/4.3.0/../../../../arm-eabi/lib\libc.a(lib_a-impure.o)
 .debug_line    0x00001f2b       0xa6 c:/winarm/bin/../lib/gcc/arm-eabi/4.3.0/../../../../arm-eabi/lib\libc.a(lib_a-init.o)
 .debug_line    0x00001fd1       0xdc c:/winarm/bin/../lib/gcc/arm-eabi/4.3.0/../../../../arm-eabi/lib\libc.a(lib_a-memset.o)
 .debug_line    0x000020ad       0x82 c:/winarm/bin/../lib/gcc/arm-eabi/4.3.0/../../../../arm-eabi/lib\libc.a(lib_a-strcmp.o)
 .debug_line    0x0000212f       0xce c:/winarm/bin/../lib/gcc/arm-eabi/4.3.0/../../../../arm-eabi/lib\libc.a(lib_a-strncpy.o)
 .debug_line    0x000021fd       0xf0 c:/winarm/bin/../lib/gcc/arm-eabi/4.3.0/../../../../arm-eabi/lib\libc.a(lib_a-strtok.o)
 .debug_line    0x000022ed       0x9b c:/winarm/bin/../lib/gcc/arm-eabi/4.3.0/../../../../arm-eabi/lib\libc.a(lib_a-strtok_r.o)
 .debug_line    0x00002388      0x17b c:/winarm/bin/../lib/gcc/arm-eabi/4.3.0/../../../../arm-eabi/lib\libc.a(lib_a-strtol.o)
 .debug_line    0x00002503      0x127 c:/winarm/bin/../lib/gcc/arm-eabi/4.3.0/../../../../arm-eabi/lib\libc.a(lib_a-__atexit.o)
 .debug_line    0x0000262a      0x11f c:/winarm/bin/../lib/gcc/arm-eabi/4.3.0/../../../../arm-eabi/lib\libc.a(lib_a-__call_atexit.o)
 .debug_line    0x00002749       0x54 c:/winarm/bin/../lib/gcc/arm-eabi/4.3.0/../../../../arm-eabi/lib\libc.a(lib_a-ctype_.o)
 .debug_line    0x0000279d       0x91 c:/winarm/bin/../lib/gcc/arm-eabi/4.3.0\libgcc.a(_udivsi3.o)
 .debug_line    0x0000282e       0x6a c:/winarm/bin/../lib/gcc/arm-eabi/4.3.0\libgcc.a(_dvmd_tls.o)
 .debug_line    0x00002898       0x49 c:/winarm/bin/../lib/gcc/arm-eabi/4.3.0/crtn.o

.debug_frame    0x00000000     0x20a4
 *(.debug_frame)
 .debug_frame   0x00000000      0x5c0 APP/src/main.o
 .debug_frame   0x000005c0      0x478 APP/src/stm32f10x_it.o
 .debug_frame   0x00000a38       0xc0 APP/src/dxl_hal.o
 .debug_frame   0x00000af8      0x1b8 APP/src/dynamixel.o
 .debug_frame   0x00000cb0       0x88 APP/src/syscalls.o
 .debug_frame   0x00000d38      0x1f0 stm32f10x_lib/libstm32.a(stm32f10x_flash.o)
 .debug_frame   0x00000f28      0x154 stm32f10x_lib/libstm32.a(stm32f10x_gpio.o)
 .debug_frame   0x0000107c      0x234 stm32f10x_lib/libstm32.a(stm32f10x_nvic.o)
 .debug_frame   0x000012b0       0xb8 stm32f10x_lib/libstm32.a(stm32f10x_pwr.o)
 .debug_frame   0x00001368      0x214 stm32f10x_lib/libstm32.a(stm32f10x_rcc.o)
 .debug_frame   0x0000157c       0x70 stm32f10x_lib/libstm32.a(stm32f10x_systick.o)
 .debug_frame   0x000015ec      0x608 stm32f10x_lib/libstm32.a(stm32f10x_tim.o)
 .debug_frame   0x00001bf4      0x1dc stm32f10x_lib/libstm32.a(stm32f10x_usart.o)
 .debug_frame   0x00001dd0       0x2c stm32f10x_lib/libstm32.a(stm32f10x_vector.o)
 .debug_frame   0x00001dfc       0x28 c:/winarm/bin/../lib/gcc/arm-eabi/4.3.0/../../../../arm-eabi/lib\libc.a(lib_a-atexit.o)
 .debug_frame   0x00001e24       0x40 c:/winarm/bin/../lib/gcc/arm-eabi/4.3.0/../../../../arm-eabi/lib\libc.a(lib_a-atoi.o)
 .debug_frame   0x00001e64       0x20 c:/winarm/bin/../lib/gcc/arm-eabi/4.3.0/../../../../arm-eabi/lib\libc.a(lib_a-errno.o)
 .debug_frame   0x00001e84       0x20 c:/winarm/bin/../lib/gcc/arm-eabi/4.3.0/../../../../arm-eabi/lib\libc.a(lib_a-exit.o)
 .debug_frame   0x00001ea4       0x48 c:/winarm/bin/../lib/gcc/arm-eabi/4.3.0/../../../../arm-eabi/lib\libc.a(lib_a-init.o)
 .debug_frame   0x00001eec       0x28 c:/winarm/bin/../lib/gcc/arm-eabi/4.3.0/../../../../arm-eabi/lib\libc.a(lib_a-memset.o)
 .debug_frame   0x00001f14       0x20 c:/winarm/bin/../lib/gcc/arm-eabi/4.3.0/../../../../arm-eabi/lib\libc.a(lib_a-strcmp.o)
 .debug_frame   0x00001f34       0x28 c:/winarm/bin/../lib/gcc/arm-eabi/4.3.0/../../../../arm-eabi/lib\libc.a(lib_a-strncpy.o)
 .debug_frame   0x00001f5c       0x28 c:/winarm/bin/../lib/gcc/arm-eabi/4.3.0/../../../../arm-eabi/lib\libc.a(lib_a-strtok.o)
 .debug_frame   0x00001f84       0x3c c:/winarm/bin/../lib/gcc/arm-eabi/4.3.0/../../../../arm-eabi/lib\libc.a(lib_a-strtok_r.o)
 .debug_frame   0x00001fc0       0x50 c:/winarm/bin/../lib/gcc/arm-eabi/4.3.0/../../../../arm-eabi/lib\libc.a(lib_a-strtol.o)
 .debug_frame   0x00002010       0x30 c:/winarm/bin/../lib/gcc/arm-eabi/4.3.0/../../../../arm-eabi/lib\libc.a(lib_a-__atexit.o)
 .debug_frame   0x00002040       0x38 c:/winarm/bin/../lib/gcc/arm-eabi/4.3.0/../../../../arm-eabi/lib\libc.a(lib_a-__call_atexit.o)
 .debug_frame   0x00002078       0x2c c:/winarm/bin/../lib/gcc/arm-eabi/4.3.0\libgcc.a(_udivsi3.o)

.debug_str      0x00000000     0x3a63
 *(.debug_str)
 .debug_str     0x00000000      0xa45 APP/src/main.o
                                0xab2 (size before relaxing)
 .debug_str     0x00000a45      0x52d APP/src/stm32f10x_it.o
                                0x56b (size before relaxing)
 .debug_str     0x00000f72       0x9b APP/src/dxl_hal.o
                                 0xf0 (size before relaxing)
 .debug_str     0x0000100d      0x21c APP/src/dynamixel.o
                                0x2ce (size before relaxing)
 .debug_str     0x00001229      0x119 APP/src/syscalls.o
                                0x209 (size before relaxing)
 .debug_str     0x00001342      0x395 stm32f10x_lib/libstm32.a(stm32f10x_flash.o)
                                0x46e (size before relaxing)
 .debug_str     0x000016d7      0x20b stm32f10x_lib/libstm32.a(stm32f10x_gpio.o)
                                0x3dd (size before relaxing)
 .debug_str     0x000018e2      0x459 stm32f10x_lib/libstm32.a(stm32f10x_nvic.o)
                                0x5e3 (size before relaxing)
 .debug_str     0x00001d3b       0xe9 stm32f10x_lib/libstm32.a(stm32f10x_pwr.o)
                                0x1c3 (size before relaxing)
 .debug_str     0x00001e24      0x40d stm32f10x_lib/libstm32.a(stm32f10x_rcc.o)
                                0x525 (size before relaxing)
 .debug_str     0x00002231       0xdc stm32f10x_lib/libstm32.a(stm32f10x_systick.o)
                                0x1c0 (size before relaxing)
 .debug_str     0x0000230d      0x9c4 stm32f10x_lib/libstm32.a(stm32f10x_tim.o)
                                0xcef (size before relaxing)
 .debug_str     0x00002cd1      0x36b stm32f10x_lib/libstm32.a(stm32f10x_usart.o)
                                0x57a (size before relaxing)
 .debug_str     0x0000303c       0x79 stm32f10x_lib/libstm32.a(stm32f10x_vector.o)
                                0x109 (size before relaxing)
 .debug_str     0x000030b5       0x9c c:/winarm/bin/../lib/gcc/arm-eabi/4.3.0/../../../../arm-eabi/lib\libc.a(lib_a-atexit.o)
                                0x138 (size before relaxing)
 .debug_str     0x00003151      0x38f c:/winarm/bin/../lib/gcc/arm-eabi/4.3.0/../../../../arm-eabi/lib\libc.a(lib_a-atoi.o)
                                0x4a1 (size before relaxing)
 .debug_str     0x000034e0       0x71 c:/winarm/bin/../lib/gcc/arm-eabi/4.3.0/../../../../arm-eabi/lib\libc.a(lib_a-errno.o)
                                0x4a7 (size before relaxing)
 .debug_str     0x00003551       0x4b c:/winarm/bin/../lib/gcc/arm-eabi/4.3.0/../../../../arm-eabi/lib\libc.a(lib_a-exit.o)
                                0x4b1 (size before relaxing)
 .debug_str     0x0000359c       0x76 c:/winarm/bin/../lib/gcc/arm-eabi/4.3.0/../../../../arm-eabi/lib\libc.a(lib_a-impure.o)
                                0x4bf (size before relaxing)
 .debug_str     0x00003612      0x103 c:/winarm/bin/../lib/gcc/arm-eabi/4.3.0/../../../../arm-eabi/lib\libc.a(lib_a-init.o)
                                0x19e (size before relaxing)
 .debug_str     0x00003715       0x87 c:/winarm/bin/../lib/gcc/arm-eabi/4.3.0/../../../../arm-eabi/lib\libc.a(lib_a-memset.o)
                                0x123 (size before relaxing)
 .debug_str     0x0000379c       0x3c c:/winarm/bin/../lib/gcc/arm-eabi/4.3.0/../../../../arm-eabi/lib\libc.a(lib_a-strcmp.o)
                                0x108 (size before relaxing)
 .debug_str     0x000037d8       0x60 c:/winarm/bin/../lib/gcc/arm-eabi/4.3.0/../../../../arm-eabi/lib\libc.a(lib_a-strncpy.o)
                                0x139 (size before relaxing)
 .debug_str     0x00003838       0x3c c:/winarm/bin/../lib/gcc/arm-eabi/4.3.0/../../../../arm-eabi/lib\libc.a(lib_a-strtok.o)
                                0x4af (size before relaxing)
 .debug_str     0x00003874       0x66 c:/winarm/bin/../lib/gcc/arm-eabi/4.3.0/../../../../arm-eabi/lib\libc.a(lib_a-strtok_r.o)
                                0x141 (size before relaxing)
 .debug_str     0x000038da       0x71 c:/winarm/bin/../lib/gcc/arm-eabi/4.3.0/../../../../arm-eabi/lib\libc.a(lib_a-strtol.o)
                                0x4e3 (size before relaxing)
 .debug_str     0x0000394b       0x4b c:/winarm/bin/../lib/gcc/arm-eabi/4.3.0/../../../../arm-eabi/lib\libc.a(lib_a-__atexit.o)
                                0x4f9 (size before relaxing)
 .debug_str     0x00003996       0x5b c:/winarm/bin/../lib/gcc/arm-eabi/4.3.0/../../../../arm-eabi/lib\libc.a(lib_a-__call_atexit.o)
                                0x4d9 (size before relaxing)
 .debug_str     0x000039f1       0x72 c:/winarm/bin/../lib/gcc/arm-eabi/4.3.0/../../../../arm-eabi/lib\libc.a(lib_a-ctype_.o)
                                 0x8f (size before relaxing)

.debug_loc      0x00000000     0x41eb
 *(.debug_loc)
 .debug_loc     0x00000000      0xfb9 APP/src/main.o
 .debug_loc     0x00000fb9       0x81 APP/src/stm32f10x_it.o
 .debug_loc     0x0000103a      0x1d1 APP/src/dxl_hal.o
 .debug_loc     0x0000120b      0x47a APP/src/dynamixel.o
 .debug_loc     0x00001685       0xb0 APP/src/syscalls.o
 .debug_loc     0x00001735      0x5ec stm32f10x_lib/libstm32.a(stm32f10x_flash.o)
 .debug_loc     0x00001d21      0x25c stm32f10x_lib/libstm32.a(stm32f10x_gpio.o)
 .debug_loc     0x00001f7d      0x3db stm32f10x_lib/libstm32.a(stm32f10x_nvic.o)
 .debug_loc     0x00002358      0x113 stm32f10x_lib/libstm32.a(stm32f10x_pwr.o)
 .debug_loc     0x0000246b      0x24d stm32f10x_lib/libstm32.a(stm32f10x_rcc.o)
 .debug_loc     0x000026b8       0x3c stm32f10x_lib/libstm32.a(stm32f10x_systick.o)
 .debug_loc     0x000026f4      0xe88 stm32f10x_lib/libstm32.a(stm32f10x_tim.o)
 .debug_loc     0x0000357c      0x27f stm32f10x_lib/libstm32.a(stm32f10x_usart.o)
 .debug_loc     0x000037fb       0x32 stm32f10x_lib/libstm32.a(stm32f10x_vector.o)
 .debug_loc     0x0000382d       0x49 c:/winarm/bin/../lib/gcc/arm-eabi/4.3.0/../../../../arm-eabi/lib\libc.a(lib_a-atexit.o)
 .debug_loc     0x00003876       0x8f c:/winarm/bin/../lib/gcc/arm-eabi/4.3.0/../../../../arm-eabi/lib\libc.a(lib_a-atoi.o)
 .debug_loc     0x00003905       0x1e c:/winarm/bin/../lib/gcc/arm-eabi/4.3.0/../../../../arm-eabi/lib\libc.a(lib_a-exit.o)
 .debug_loc     0x00003923       0x3e c:/winarm/bin/../lib/gcc/arm-eabi/4.3.0/../../../../arm-eabi/lib\libc.a(lib_a-init.o)
 .debug_loc     0x00003961      0x12b c:/winarm/bin/../lib/gcc/arm-eabi/4.3.0/../../../../arm-eabi/lib\libc.a(lib_a-memset.o)
 .debug_loc     0x00003a8c       0xba c:/winarm/bin/../lib/gcc/arm-eabi/4.3.0/../../../../arm-eabi/lib\libc.a(lib_a-strcmp.o)
 .debug_loc     0x00003b46      0x128 c:/winarm/bin/../lib/gcc/arm-eabi/4.3.0/../../../../arm-eabi/lib\libc.a(lib_a-strncpy.o)
 .debug_loc     0x00003c6e       0x51 c:/winarm/bin/../lib/gcc/arm-eabi/4.3.0/../../../../arm-eabi/lib\libc.a(lib_a-strtok.o)
 .debug_loc     0x00003cbf      0x1c4 c:/winarm/bin/../lib/gcc/arm-eabi/4.3.0/../../../../arm-eabi/lib\libc.a(lib_a-strtok_r.o)
 .debug_loc     0x00003e83      0x210 c:/winarm/bin/../lib/gcc/arm-eabi/4.3.0/../../../../arm-eabi/lib\libc.a(lib_a-strtol.o)
 .debug_loc     0x00004093       0x97 c:/winarm/bin/../lib/gcc/arm-eabi/4.3.0/../../../../arm-eabi/lib\libc.a(lib_a-__atexit.o)
 .debug_loc     0x0000412a       0xc1 c:/winarm/bin/../lib/gcc/arm-eabi/4.3.0/../../../../arm-eabi/lib\libc.a(lib_a-__call_atexit.o)

.debug_macinfo
 *(.debug_macinfo)

.debug_weaknames
 *(.debug_weaknames)

.debug_funcnames
 *(.debug_funcnames)

.debug_typenames
 *(.debug_typenames)

.debug_varnames
 *(.debug_varnames)
OUTPUT(CM530.elf elf32-littlearm)

.ARM.attributes
                0x00000000       0x31
 .ARM.attributes
                0x00000000       0x14 c:/winarm/bin/../lib/gcc/arm-eabi/4.3.0/crti.o
 .ARM.attributes
                0x00000014       0x2e c:/winarm/bin/../lib/gcc/arm-eabi/4.3.0/crtbegin.o
 .ARM.attributes
                0x00000042       0x14 c:/winarm/bin/../lib/gcc/arm-eabi/4.3.0/../../../../arm-eabi/lib/crt0.o
 .ARM.attributes
                0x00000056       0x31 APP/src/main.o
 .ARM.attributes
                0x00000087       0x31 APP/src/stm32f10x_it.o
 .ARM.attributes
                0x000000b8       0x31 APP/src/dxl_hal.o
 .ARM.attributes
                0x000000e9       0x31 APP/src/dynamixel.o
 .ARM.attributes
                0x0000011a       0x31 APP/src/syscalls.o
 .ARM.attributes
                0x0000014b       0x31 stm32f10x_lib/libstm32.a(stm32f10x_flash.o)
 .ARM.attributes
                0x0000017c       0x31 stm32f10x_lib/libstm32.a(stm32f10x_gpio.o)
 .ARM.attributes
                0x000001ad       0x31 stm32f10x_lib/libstm32.a(stm32f10x_nvic.o)
 .ARM.attributes
                0x000001de       0x31 stm32f10x_lib/libstm32.a(stm32f10x_pwr.o)
 .ARM.attributes
                0x0000020f       0x31 stm32f10x_lib/libstm32.a(stm32f10x_rcc.o)
 .ARM.attributes
                0x00000240       0x31 stm32f10x_lib/libstm32.a(stm32f10x_systick.o)
 .ARM.attributes
                0x00000271       0x31 stm32f10x_lib/libstm32.a(stm32f10x_tim.o)
 .ARM.attributes
                0x000002a2       0x31 stm32f10x_lib/libstm32.a(stm32f10x_usart.o)
 .ARM.attributes
                0x000002d3       0x21 stm32f10x_lib/libstm32.a(cortexm3_macro.o)
 .ARM.attributes
                0x000002f4       0x31 stm32f10x_lib/libstm32.a(stm32f10x_vector.o)
 .ARM.attributes
                0x00000325       0x2e c:/winarm/bin/../lib/gcc/arm-eabi/4.3.0/../../../../arm-eabi/lib\libc.a(lib_a-atexit.o)
 .ARM.attributes
                0x00000353       0x2e c:/winarm/bin/../lib/gcc/arm-eabi/4.3.0/../../../../arm-eabi/lib\libc.a(lib_a-atoi.o)
 .ARM.attributes
                0x00000381       0x2e c:/winarm/bin/../lib/gcc/arm-eabi/4.3.0/../../../../arm-eabi/lib\libc.a(lib_a-errno.o)
 .ARM.attributes
                0x000003af       0x2e c:/winarm/bin/../lib/gcc/arm-eabi/4.3.0/../../../../arm-eabi/lib\libc.a(lib_a-exit.o)
 .ARM.attributes
                0x000003dd       0x2c c:/winarm/bin/../lib/gcc/arm-eabi/4.3.0/../../../../arm-eabi/lib\libc.a(lib_a-impure.o)
 .ARM.attributes
                0x00000409       0x2e c:/winarm/bin/../lib/gcc/arm-eabi/4.3.0/../../../../arm-eabi/lib\libc.a(lib_a-init.o)
 .ARM.attributes
                0x00000437       0x2e c:/winarm/bin/../lib/gcc/arm-eabi/4.3.0/../../../../arm-eabi/lib\libc.a(lib_a-memset.o)
 .ARM.attributes
                0x00000465       0x2e c:/winarm/bin/../lib/gcc/arm-eabi/4.3.0/../../../../arm-eabi/lib\libc.a(lib_a-strcmp.o)
 .ARM.attributes
                0x00000493       0x2e c:/winarm/bin/../lib/gcc/arm-eabi/4.3.0/../../../../arm-eabi/lib\libc.a(lib_a-strncpy.o)
 .ARM.attributes
                0x000004c1       0x2e c:/winarm/bin/../lib/gcc/arm-eabi/4.3.0/../../../../arm-eabi/lib\libc.a(lib_a-strtok.o)
 .ARM.attributes
                0x000004ef       0x2e c:/winarm/bin/../lib/gcc/arm-eabi/4.3.0/../../../../arm-eabi/lib\libc.a(lib_a-strtok_r.o)
 .ARM.attributes
                0x0000051d       0x2e c:/winarm/bin/../lib/gcc/arm-eabi/4.3.0/../../../../arm-eabi/lib\libc.a(lib_a-strtol.o)
 .ARM.attributes
                0x0000054b       0x2e c:/winarm/bin/../lib/gcc/arm-eabi/4.3.0/../../../../arm-eabi/lib\libc.a(lib_a-__atexit.o)
 .ARM.attributes
                0x00000579       0x2e c:/winarm/bin/../lib/gcc/arm-eabi/4.3.0/../../../../arm-eabi/lib\libc.a(lib_a-__call_atexit.o)
 .ARM.attributes
                0x000005a7       0x2c c:/winarm/bin/../lib/gcc/arm-eabi/4.3.0/../../../../arm-eabi/lib\libc.a(lib_a-ctype_.o)
 .ARM.attributes
                0x000005d3       0x14 c:/winarm/bin/../lib/gcc/arm-eabi/4.3.0\libgcc.a(_udivsi3.o)
 .ARM.attributes
                0x000005e7       0x14 c:/winarm/bin/../lib/gcc/arm-eabi/4.3.0\libgcc.a(_dvmd_tls.o)
 .ARM.attributes
                0x000005fb       0x2c c:/winarm/bin/../lib/gcc/arm-eabi/4.3.0/crtend.o
 .ARM.attributes
                0x00000627       0x14 c:/winarm/bin/../lib/gcc/arm-eabi/4.3.0/crtn.o

.debug_ranges   0x00000000      0x348
 .debug_ranges  0x00000000       0x20 c:/winarm/bin/../lib/gcc/arm-eabi/4.3.0/crti.o
 .debug_ranges  0x00000020      0x100 APP/src/main.o
 .debug_ranges  0x00000120       0xa8 stm32f10x_lib/libstm32.a(stm32f10x_flash.o)
 .debug_ranges  0x000001c8       0x30 stm32f10x_lib/libstm32.a(stm32f10x_rcc.o)
 .debug_ranges  0x000001f8      0x110 stm32f10x_lib/libstm32.a(stm32f10x_tim.o)
 .debug_ranges  0x00000308       0x20 c:/winarm/bin/../lib/gcc/arm-eabi/4.3.0/../../../../arm-eabi/lib\libc.a(lib_a-__call_atexit.o)
 .debug_ranges  0x00000328       0x20 c:/winarm/bin/../lib/gcc/arm-eabi/4.3.0/crtn.o

Cross Reference Table

Symbol                                            File
ADC1_2_IRQHandler                                 APP/src/stm32f10x_it.o
                                                  stm32f10x_lib/libstm32.a(stm32f10x_vector.o)
ADC3_IRQHandler                                   APP/src/stm32f10x_it.o
                                                  stm32f10x_lib/libstm32.a(stm32f10x_vector.o)
AreAllJointsReached                               APP/src/main.o
Baudrate_DXL                                      APP/src/main.o
Baudrate_PC                                       APP/src/main.o
BusFaultException                                 APP/src/stm32f10x_it.o
                                                  stm32f10x_lib/libstm32.a(stm32f10x_vector.o)
CAN_RX1_IRQHandler                                APP/src/stm32f10x_it.o
                                                  stm32f10x_lib/libstm32.a(stm32f10x_vector.o)
CAN_SCE_IRQHandler                                APP/src/stm32f10x_it.o
                                                  stm32f10x_lib/libstm32.a(stm32f10x_vector.o)
CCR1_Val                                          APP/src/main.o
CheckNewArrive                                    APP/src/main.o
                                                  APP/src/dxl_hal.o
CheckRxD_PC                                       APP/src/main.o
CheckTimeOut                                      APP/src/main.o
                                                  APP/src/dxl_hal.o
ClampWord                                         APP/src/main.o
ClearBuffer256                                    APP/src/main.o
                                                  APP/src/dxl_hal.o
CommStatus                                        APP/src/main.o